Component: ARM Compiler 5.06 update 4 (build 422) Tool: armlink [4d35d2]

==============================================================================

Section Cross References

    startup_stm32f10x_hd.o(RESET) refers to startup_stm32f10x_hd.o(STACK) for __initial_sp
    startup_stm32f10x_hd.o(RESET) refers to startup_stm32f10x_hd.o(.text) for Reset_Handler
    startup_stm32f10x_hd.o(RESET) refers to stm32f10x_it.o(.text) for NMI_Handler
    startup_stm32f10x_hd.o(.text) refers to system_stm32f10x.o(.text) for SystemInit
    startup_stm32f10x_hd.o(.text) refers to entry.o(.ARM.Collect$$$$00000000) for __main
    main.o(.text) refers to stm32f10x_can.o(.text) for CAN_Transmit
    main.o(.text) refers to stm32f10x_tim.o(.text) for TIM_GetCounter
    main.o(.text) refers to gpio.o(.text) for Key_INIT
    main.o(.text) refers to can.o(.text) for CAN_Config
    main.o(.text) refers to encode.o(.text) for TIM3_Init
    main.o(.text) refers to timer.o(.text) for SysTick_Init
    main.o(.text) refers to motor.o(.text) for Motor1_control
    main.o(.text) refers to stm32f10x_gpio.o(.text) for GPIO_ResetBits
    main.o(.text) refers to main.o(.data) for timer
    main.o(.text) refers to main.o(.bss) for TxMessage
    stm32f10x_it.o(.text) refers to stm32f10x_exti.o(.text) for EXTI_GetITStatus
    stm32f10x_it.o(.text) refers to stm32f10x_gpio.o(.text) for GPIO_ReadInputDataBit
    stm32f10x_it.o(.text) refers to stm32f10x_can.o(.text) for CAN_Receive
    stm32f10x_it.o(.text) refers to main.o(.data) for interFlag
    stm32f10x_it.o(.text) refers to main.o(.bss) for RxMessage
    stm32f10x_it.o(.text) refers to timer.o(.data) for TimingDelay
    motor.o(.text) refers to stm32f10x_rcc.o(.text) for RCC_APB1PeriphClockCmd
    motor.o(.text) refers to stm32f10x_gpio.o(.text) for GPIO_Init
    motor.o(.text) refers to stm32f10x_tim.o(.text) for TIM_TimeBaseInit
    can.o(.text) refers to stm32f10x_rcc.o(.text) for RCC_APB2PeriphClockCmd
    can.o(.text) refers to stm32f10x_gpio.o(.text) for GPIO_Init
    can.o(.text) refers to misc.o(.text) for NVIC_PriorityGroupConfig
    can.o(.text) refers to stm32f10x_can.o(.text) for CAN_DeInit
    can.o(.text) refers to main.o(.bss) for TxMessage
    usart1.o(.text) refers to stm32f10x_rcc.o(.text) for RCC_APB2PeriphClockCmd
    usart1.o(.text) refers to stm32f10x_gpio.o(.text) for GPIO_PinRemapConfig
    usart1.o(.text) refers to stm32f10x_usart.o(.text) for USART_Init
    encode.o(.text) refers to stm32f10x_rcc.o(.text) for RCC_APB1PeriphClockCmd
    encode.o(.text) refers to stm32f10x_gpio.o(.text) for GPIO_StructInit
    encode.o(.text) refers to misc.o(.text) for NVIC_PriorityGroupConfig
    encode.o(.text) refers to stm32f10x_tim.o(.text) for TIM_DeInit
    timer.o(.text) refers to system_stm32f10x.o(.data) for SystemCoreClock
    timer.o(.text) refers to timer.o(.data) for TimingDelay
    gpio.o(.text) refers to misc.o(.text) for NVIC_PriorityGroupConfig
    gpio.o(.text) refers to stm32f10x_rcc.o(.text) for RCC_APB2PeriphClockCmd
    gpio.o(.text) refers to stm32f10x_gpio.o(.text) for GPIO_PinRemapConfig
    gpio.o(.text) refers to stm32f10x_exti.o(.text) for EXTI_Init
    stm32f10x_bkp.o(.text) refers to stm32f10x_rcc.o(.text) for RCC_BackupResetCmd
    stm32f10x_can.o(.text) refers to stm32f10x_rcc.o(.text) for RCC_APB1PeriphResetCmd
    stm32f10x_gpio.o(.text) refers to stm32f10x_rcc.o(.text) for RCC_APB2PeriphResetCmd
    stm32f10x_pwr.o(.text) refers to stm32f10x_rcc.o(.text) for RCC_APB1PeriphResetCmd
    stm32f10x_rcc.o(.text) refers to stm32f10x_rcc.o(.data) for APBAHBPrescTable
    stm32f10x_tim.o(.text) refers to stm32f10x_rcc.o(.text) for RCC_APB2PeriphResetCmd
    stm32f10x_usart.o(.text) refers to stm32f10x_rcc.o(.text) for RCC_APB2PeriphResetCmd
    system_stm32f10x.o(.text) refers to system_stm32f10x.o(.data) for SystemCoreClock
    entry.o(.ARM.Collect$$$$00000000) refers (Special) to entry10a.o(.ARM.Collect$$$$0000000D) for __rt_final_cpp
    entry.o(.ARM.Collect$$$$00000000) refers (Special) to entry11a.o(.ARM.Collect$$$$0000000F) for __rt_final_exit
    entry.o(.ARM.Collect$$$$00000000) refers (Special) to entry7b.o(.ARM.Collect$$$$00000008) for _main_clock
    entry.o(.ARM.Collect$$$$00000000) refers (Special) to entry8b.o(.ARM.Collect$$$$0000000A) for _main_cpp_init
    entry.o(.ARM.Collect$$$$00000000) refers (Special) to entry9a.o(.ARM.Collect$$$$0000000B) for _main_init
    entry.o(.ARM.Collect$$$$00000000) refers (Special) to entry5.o(.ARM.Collect$$$$00000004) for _main_scatterload
    entry.o(.ARM.Collect$$$$00000000) refers (Special) to entry2.o(.ARM.Collect$$$$00000001) for _main_stk
    entry2.o(.ARM.Collect$$$$00000001) refers to entry2.o(.ARM.Collect$$$$00002712) for __lit__00000000
    entry2.o(.ARM.Collect$$$$00002712) refers to startup_stm32f10x_hd.o(STACK) for __initial_sp
    entry2.o(__vectab_stack_and_reset_area) refers to startup_stm32f10x_hd.o(STACK) for __initial_sp
    entry2.o(__vectab_stack_and_reset_area) refers to entry.o(.ARM.Collect$$$$00000000) for __main
    entry5.o(.ARM.Collect$$$$00000004) refers to init.o(.text) for __scatterload
    entry9a.o(.ARM.Collect$$$$0000000B) refers to main.o(.text) for main
    entry9b.o(.ARM.Collect$$$$0000000C) refers to main.o(.text) for main
    init.o(.text) refers to entry5.o(.ARM.Collect$$$$00000004) for __main_after_scatterload


==============================================================================

Removing Unused input sections from the image.

    Removing startup_stm32f10x_hd.o(HEAP), (512 bytes).
    Removing usart1.o(.text), (528 bytes).
    Removing stm32f10x_bkp.o(.text), (196 bytes).
    Removing stm32f10x_dma.o(.text), (596 bytes).
    Removing stm32f10x_flash.o(.text), (1468 bytes).
    Removing stm32f10x_fsmc.o(.text), (1548 bytes).
    Removing stm32f10x_pwr.o(.text), (204 bytes).
    Removing stm32f10x_rtc.o(.text), (328 bytes).
    Removing stm32f10x_usart.o(.text), (1032 bytes).
    Removing core_cm3.o(.emb_text), (32 bytes).

10 unused section(s) (total 6444 bytes) removed from the image.

==============================================================================

Image Symbol Table

    Local Symbols

    Symbol Name                              Value     Ov Type        Size  Object(Section)

    ../clib/microlib/init/entry.s            0x00000000   Number         0  entry8b.o ABSOLUTE
    ../clib/microlib/init/entry.s            0x00000000   Number         0  entry9a.o ABSOLUTE
    ../clib/microlib/init/entry.s            0x00000000   Number         0  entry8a.o ABSOLUTE
    ../clib/microlib/init/entry.s            0x00000000   Number         0  entry10a.o ABSOLUTE
    ../clib/microlib/init/entry.s            0x00000000   Number         0  entry7b.o ABSOLUTE
    ../clib/microlib/init/entry.s            0x00000000   Number         0  entry7a.o ABSOLUTE
    ../clib/microlib/init/entry.s            0x00000000   Number         0  entry5.o ABSOLUTE
    ../clib/microlib/init/entry.s            0x00000000   Number         0  entry.o ABSOLUTE
    ../clib/microlib/init/entry.s            0x00000000   Number         0  entry2.o ABSOLUTE
    ../clib/microlib/init/entry.s            0x00000000   Number         0  entry9b.o ABSOLUTE
    ../clib/microlib/init/entry.s            0x00000000   Number         0  entry10b.o ABSOLUTE
    ../clib/microlib/init/entry.s            0x00000000   Number         0  entry11a.o ABSOLUTE
    ../clib/microlib/init/entry.s            0x00000000   Number         0  entry11b.o ABSOLUTE
    ..\CMSIS\core_cm3.c                      0x00000000   Number         0  core_cm3.o ABSOLUTE
    ..\CMSIS\startup\startup_stm32f10x_hd.s  0x00000000   Number         0  startup_stm32f10x_hd.o ABSOLUTE
    ..\CMSIS\system_stm32f10x.c              0x00000000   Number         0  system_stm32f10x.o ABSOLUTE
    ..\FWlib\src\misc.c                      0x00000000   Number         0  misc.o ABSOLUTE
    ..\FWlib\src\stm32f10x_bkp.c             0x00000000   Number         0  stm32f10x_bkp.o ABSOLUTE
    ..\FWlib\src\stm32f10x_can.c             0x00000000   Number         0  stm32f10x_can.o ABSOLUTE
    ..\FWlib\src\stm32f10x_dma.c             0x00000000   Number         0  stm32f10x_dma.o ABSOLUTE
    ..\FWlib\src\stm32f10x_exti.c            0x00000000   Number         0  stm32f10x_exti.o ABSOLUTE
    ..\FWlib\src\stm32f10x_flash.c           0x00000000   Number         0  stm32f10x_flash.o ABSOLUTE
    ..\FWlib\src\stm32f10x_fsmc.c            0x00000000   Number         0  stm32f10x_fsmc.o ABSOLUTE
    ..\FWlib\src\stm32f10x_gpio.c            0x00000000   Number         0  stm32f10x_gpio.o ABSOLUTE
    ..\FWlib\src\stm32f10x_pwr.c             0x00000000   Number         0  stm32f10x_pwr.o ABSOLUTE
    ..\FWlib\src\stm32f10x_rcc.c             0x00000000   Number         0  stm32f10x_rcc.o ABSOLUTE
    ..\FWlib\src\stm32f10x_rtc.c             0x00000000   Number         0  stm32f10x_rtc.o ABSOLUTE
    ..\FWlib\src\stm32f10x_tim.c             0x00000000   Number         0  stm32f10x_tim.o ABSOLUTE
    ..\FWlib\src\stm32f10x_usart.c           0x00000000   Number         0  stm32f10x_usart.o ABSOLUTE
    ..\\CMSIS\\core_cm3.c                    0x00000000   Number         0  core_cm3.o ABSOLUTE
    can.c                                    0x00000000   Number         0  can.o ABSOLUTE
    dc.s                                     0x00000000   Number         0  dc.o ABSOLUTE
    encode.c                                 0x00000000   Number         0  encode.o ABSOLUTE
    gpio.c                                   0x00000000   Number         0  gpio.o ABSOLUTE
    handlers.s                               0x00000000   Number         0  handlers.o ABSOLUTE
    init.s                                   0x00000000   Number         0  init.o ABSOLUTE
    main.c                                   0x00000000   Number         0  main.o ABSOLUTE
    motor.c                                  0x00000000   Number         0  motor.o ABSOLUTE
    stm32f10x_it.c                           0x00000000   Number         0  stm32f10x_it.o ABSOLUTE
    timer.c                                  0x00000000   Number         0  timer.o ABSOLUTE
    usart1.c                                 0x00000000   Number         0  usart1.o ABSOLUTE
    RESET                                    0x08000000   Section      304  startup_stm32f10x_hd.o(RESET)
    .ARM.Collect$$$$00000000                 0x08000130   Section        0  entry.o(.ARM.Collect$$$$00000000)
    .ARM.Collect$$$$00000001                 0x08000130   Section        4  entry2.o(.ARM.Collect$$$$00000001)
    .ARM.Collect$$$$00000004                 0x08000134   Section        4  entry5.o(.ARM.Collect$$$$00000004)
    .ARM.Collect$$$$00000008                 0x08000138   Section        0  entry7b.o(.ARM.Collect$$$$00000008)
    .ARM.Collect$$$$0000000A                 0x08000138   Section        0  entry8b.o(.ARM.Collect$$$$0000000A)
    .ARM.Collect$$$$0000000B                 0x08000138   Section        8  entry9a.o(.ARM.Collect$$$$0000000B)
    .ARM.Collect$$$$0000000D                 0x08000140   Section        0  entry10a.o(.ARM.Collect$$$$0000000D)
    .ARM.Collect$$$$0000000F                 0x08000140   Section        0  entry11a.o(.ARM.Collect$$$$0000000F)
    .ARM.Collect$$$$00002712                 0x08000140   Section        4  entry2.o(.ARM.Collect$$$$00002712)
    __lit__00000000                          0x08000140   Data           4  entry2.o(.ARM.Collect$$$$00002712)
    .text                                    0x08000144   Section       36  startup_stm32f10x_hd.o(.text)
    .text                                    0x08000168   Section        0  main.o(.text)
    .text                                    0x0800053c   Section        0  stm32f10x_it.o(.text)
    .text                                    0x08000620   Section        0  motor.o(.text)
    .text                                    0x08000804   Section        0  can.o(.text)
    CAN_GPIO_Config                          0x08000805   Thumb Code    76  can.o(.text)
    CAN_NVIC_Config                          0x08000851   Thumb Code    40  can.o(.text)
    CAN_Mode_Config                          0x08000879   Thumb Code    80  can.o(.text)
    CAN_Filter_Config                        0x080008c9   Thumb Code    74  can.o(.text)
    .text                                    0x08000958   Section        0  encode.o(.text)
    .text                                    0x08000bc8   Section        0  timer.o(.text)
    .text                                    0x08000c6c   Section        0  gpio.o(.text)
    .text                                    0x08000d20   Section        0  misc.o(.text)
    .text                                    0x08000dfc   Section        0  stm32f10x_can.o(.text)
    CheckITStatus                            0x080015ff   Thumb Code    18  stm32f10x_can.o(.text)
    .text                                    0x080017ec   Section        0  stm32f10x_exti.o(.text)
    .text                                    0x08001908   Section        0  stm32f10x_gpio.o(.text)
    .text                                    0x08001c64   Section        0  stm32f10x_rcc.o(.text)
    .text                                    0x08002008   Section        0  stm32f10x_tim.o(.text)
    TI4_Config                               0x080024af   Thumb Code   130  stm32f10x_tim.o(.text)
    TI3_Config                               0x08002543   Thumb Code   122  stm32f10x_tim.o(.text)
    TI2_Config                               0x080025d7   Thumb Code   130  stm32f10x_tim.o(.text)
    TI1_Config                               0x0800266b   Thumb Code   108  stm32f10x_tim.o(.text)
    .text                                    0x08002e24   Section        0  system_stm32f10x.o(.text)
    SetSysClockTo72                          0x08002e25   Thumb Code   214  system_stm32f10x.o(.text)
    SetSysClock                              0x08002efb   Thumb Code     8  system_stm32f10x.o(.text)
    .text                                    0x08003004   Section       36  init.o(.text)
    i.__scatterload_copy                     0x08003028   Section       14  handlers.o(i.__scatterload_copy)
    i.__scatterload_null                     0x08003036   Section        2  handlers.o(i.__scatterload_null)
    i.__scatterload_zeroinit                 0x08003038   Section       14  handlers.o(i.__scatterload_zeroinit)
    .data                                    0x20000000   Section       13  main.o(.data)
    .data                                    0x20000010   Section        4  timer.o(.data)
    .data                                    0x20000014   Section       20  stm32f10x_rcc.o(.data)
    APBAHBPrescTable                         0x20000014   Data          16  stm32f10x_rcc.o(.data)
    ADCPrescTable                            0x20000024   Data           4  stm32f10x_rcc.o(.data)
    .data                                    0x20000028   Section       20  system_stm32f10x.o(.data)
    .bss                                     0x2000003c   Section       40  main.o(.bss)
    STACK                                    0x20000068   Section     1024  startup_stm32f10x_hd.o(STACK)

    Global Symbols

    Symbol Name                              Value     Ov Type        Size  Object(Section)

    BuildAttributes$$THM_ISAv4$P$D$K$B$S$PE$A:L22UL41UL21$X:L11$S22US41US21$IEEE1$IW$USESV6$~STKCKD$USESV7$~SHL$OSPACE$EBA8$MICROLIB$REQ8$PRES8$EABIv2 0x00000000   Number         0  anon$$obj.o ABSOLUTE
    __ARM_use_no_argv                        0x00000000   Number         0  main.o ABSOLUTE
    __cpp_initialize__aeabi_                  - Undefined Weak Reference
    __cxa_finalize                            - Undefined Weak Reference
    __decompress                              - Undefined Weak Reference
    _clock_init                               - Undefined Weak Reference
    _microlib_exit                            - Undefined Weak Reference
    __Vectors_Size                           0x00000130   Number         0  startup_stm32f10x_hd.o ABSOLUTE
    __Vectors                                0x08000000   Data           4  startup_stm32f10x_hd.o(RESET)
    __Vectors_End                            0x08000130   Data           0  startup_stm32f10x_hd.o(RESET)
    __main                                   0x08000131   Thumb Code     0  entry.o(.ARM.Collect$$$$00000000)
    _main_stk                                0x08000131   Thumb Code     0  entry2.o(.ARM.Collect$$$$00000001)
    _main_scatterload                        0x08000135   Thumb Code     0  entry5.o(.ARM.Collect$$$$00000004)
    __main_after_scatterload                 0x08000139   Thumb Code     0  entry5.o(.ARM.Collect$$$$00000004)
    _main_clock                              0x08000139   Thumb Code     0  entry7b.o(.ARM.Collect$$$$00000008)
    _main_cpp_init                           0x08000139   Thumb Code     0  entry8b.o(.ARM.Collect$$$$0000000A)
    _main_init                               0x08000139   Thumb Code     0  entry9a.o(.ARM.Collect$$$$0000000B)
    __rt_final_cpp                           0x08000141   Thumb Code     0  entry10a.o(.ARM.Collect$$$$0000000D)
    __rt_final_exit                          0x08000141   Thumb Code     0  entry11a.o(.ARM.Collect$$$$0000000F)
    Reset_Handler                            0x08000145   Thumb Code     8  startup_stm32f10x_hd.o(.text)
    ADC1_2_IRQHandler                        0x0800015f   Thumb Code     0  startup_stm32f10x_hd.o(.text)
    ADC3_IRQHandler                          0x0800015f   Thumb Code     0  startup_stm32f10x_hd.o(.text)
    CAN1_RX1_IRQHandler                      0x0800015f   Thumb Code     0  startup_stm32f10x_hd.o(.text)
    CAN1_SCE_IRQHandler                      0x0800015f   Thumb Code     0  startup_stm32f10x_hd.o(.text)
    DMA1_Channel1_IRQHandler                 0x0800015f   Thumb Code     0  startup_stm32f10x_hd.o(.text)
    DMA1_Channel2_IRQHandler                 0x0800015f   Thumb Code     0  startup_stm32f10x_hd.o(.text)
    DMA1_Channel3_IRQHandler                 0x0800015f   Thumb Code     0  startup_stm32f10x_hd.o(.text)
    DMA1_Channel4_IRQHandler                 0x0800015f   Thumb Code     0  startup_stm32f10x_hd.o(.text)
    DMA1_Channel5_IRQHandler                 0x0800015f   Thumb Code     0  startup_stm32f10x_hd.o(.text)
    DMA1_Channel6_IRQHandler                 0x0800015f   Thumb Code     0  startup_stm32f10x_hd.o(.text)
    DMA1_Channel7_IRQHandler                 0x0800015f   Thumb Code     0  startup_stm32f10x_hd.o(.text)
    DMA2_Channel1_IRQHandler                 0x0800015f   Thumb Code     0  startup_stm32f10x_hd.o(.text)
    DMA2_Channel2_IRQHandler                 0x0800015f   Thumb Code     0  startup_stm32f10x_hd.o(.text)
    DMA2_Channel3_IRQHandler                 0x0800015f   Thumb Code     0  startup_stm32f10x_hd.o(.text)
    DMA2_Channel4_5_IRQHandler               0x0800015f   Thumb Code     0  startup_stm32f10x_hd.o(.text)
    EXTI0_IRQHandler                         0x0800015f   Thumb Code     0  startup_stm32f10x_hd.o(.text)
    EXTI1_IRQHandler                         0x0800015f   Thumb Code     0  startup_stm32f10x_hd.o(.text)
    EXTI2_IRQHandler                         0x0800015f   Thumb Code     0  startup_stm32f10x_hd.o(.text)
    EXTI3_IRQHandler                         0x0800015f   Thumb Code     0  startup_stm32f10x_hd.o(.text)
    EXTI4_IRQHandler                         0x0800015f   Thumb Code     0  startup_stm32f10x_hd.o(.text)
    EXTI9_5_IRQHandler                       0x0800015f   Thumb Code     0  startup_stm32f10x_hd.o(.text)
    FLASH_IRQHandler                         0x0800015f   Thumb Code     0  startup_stm32f10x_hd.o(.text)
    FSMC_IRQHandler                          0x0800015f   Thumb Code     0  startup_stm32f10x_hd.o(.text)
    I2C1_ER_IRQHandler                       0x0800015f   Thumb Code     0  startup_stm32f10x_hd.o(.text)
    I2C1_EV_IRQHandler                       0x0800015f   Thumb Code     0  startup_stm32f10x_hd.o(.text)
    I2C2_ER_IRQHandler                       0x0800015f   Thumb Code     0  startup_stm32f10x_hd.o(.text)
    I2C2_EV_IRQHandler                       0x0800015f   Thumb Code     0  startup_stm32f10x_hd.o(.text)
    PVD_IRQHandler                           0x0800015f   Thumb Code     0  startup_stm32f10x_hd.o(.text)
    RCC_IRQHandler                           0x0800015f   Thumb Code     0  startup_stm32f10x_hd.o(.text)
    RTCAlarm_IRQHandler                      0x0800015f   Thumb Code     0  startup_stm32f10x_hd.o(.text)
    RTC_IRQHandler                           0x0800015f   Thumb Code     0  startup_stm32f10x_hd.o(.text)
    SDIO_IRQHandler                          0x0800015f   Thumb Code     0  startup_stm32f10x_hd.o(.text)
    SPI1_IRQHandler                          0x0800015f   Thumb Code     0  startup_stm32f10x_hd.o(.text)
    SPI2_IRQHandler                          0x0800015f   Thumb Code     0  startup_stm32f10x_hd.o(.text)
    SPI3_IRQHandler                          0x0800015f   Thumb Code     0  startup_stm32f10x_hd.o(.text)
    TAMPER_IRQHandler                        0x0800015f   Thumb Code     0  startup_stm32f10x_hd.o(.text)
    TIM1_BRK_IRQHandler                      0x0800015f   Thumb Code     0  startup_stm32f10x_hd.o(.text)
    TIM1_CC_IRQHandler                       0x0800015f   Thumb Code     0  startup_stm32f10x_hd.o(.text)
    TIM1_TRG_COM_IRQHandler                  0x0800015f   Thumb Code     0  startup_stm32f10x_hd.o(.text)
    TIM2_IRQHandler                          0x0800015f   Thumb Code     0  startup_stm32f10x_hd.o(.text)
    TIM5_IRQHandler                          0x0800015f   Thumb Code     0  startup_stm32f10x_hd.o(.text)
    TIM6_IRQHandler                          0x0800015f   Thumb Code     0  startup_stm32f10x_hd.o(.text)
    TIM7_IRQHandler                          0x0800015f   Thumb Code     0  startup_stm32f10x_hd.o(.text)
    TIM8_BRK_IRQHandler                      0x0800015f   Thumb Code     0  startup_stm32f10x_hd.o(.text)
    TIM8_CC_IRQHandler                       0x0800015f   Thumb Code     0  startup_stm32f10x_hd.o(.text)
    TIM8_TRG_COM_IRQHandler                  0x0800015f   Thumb Code     0  startup_stm32f10x_hd.o(.text)
    TIM8_UP_IRQHandler                       0x0800015f   Thumb Code     0  startup_stm32f10x_hd.o(.text)
    UART4_IRQHandler                         0x0800015f   Thumb Code     0  startup_stm32f10x_hd.o(.text)
    UART5_IRQHandler                         0x0800015f   Thumb Code     0  startup_stm32f10x_hd.o(.text)
    USART2_IRQHandler                        0x0800015f   Thumb Code     0  startup_stm32f10x_hd.o(.text)
    USART3_IRQHandler                        0x0800015f   Thumb Code     0  startup_stm32f10x_hd.o(.text)
    USBWakeUp_IRQHandler                     0x0800015f   Thumb Code     0  startup_stm32f10x_hd.o(.text)
    USB_HP_CAN1_TX_IRQHandler                0x0800015f   Thumb Code     0  startup_stm32f10x_hd.o(.text)
    WWDG_IRQHandler                          0x0800015f   Thumb Code     0  startup_stm32f10x_hd.o(.text)
    Data_Trans                               0x08000169   Thumb Code   132  main.o(.text)
    JueDuiZ                                  0x080001ed   Thumb Code    16  main.o(.text)
    main                                     0x080001fd   Thumb Code   758  main.o(.text)
    Delay_Ms                                 0x080004f3   Thumb Code    30  main.o(.text)
    NMI_Handler                              0x0800053d   Thumb Code     2  stm32f10x_it.o(.text)
    TIM3_IRQHandler                          0x0800053f   Thumb Code    18  stm32f10x_it.o(.text)
    EXTI15_10_IRQHandler                     0x08000551   Thumb Code    40  stm32f10x_it.o(.text)
    TIM4_IRQHandler                          0x08000579   Thumb Code    18  stm32f10x_it.o(.text)
    TIM1_UP_IRQHandler                       0x0800058b   Thumb Code    18  stm32f10x_it.o(.text)
    HardFault_Handler                        0x0800059d   Thumb Code     4  stm32f10x_it.o(.text)
    MemManage_Handler                        0x080005a1   Thumb Code     4  stm32f10x_it.o(.text)
    USB_LP_CAN1_RX0_IRQHandler               0x080005a5   Thumb Code    38  stm32f10x_it.o(.text)
    BusFault_Handler                         0x080005cb   Thumb Code     4  stm32f10x_it.o(.text)
    UsageFault_Handler                       0x080005cf   Thumb Code     4  stm32f10x_it.o(.text)
    SVC_Handler                              0x080005d3   Thumb Code     2  stm32f10x_it.o(.text)
    DebugMon_Handler                         0x080005d5   Thumb Code     2  stm32f10x_it.o(.text)
    PendSV_Handler                           0x080005d7   Thumb Code     2  stm32f10x_it.o(.text)
    SysTick_Handler                          0x080005d9   Thumb Code    28  stm32f10x_it.o(.text)
    USART1_IRQHandler                        0x080005f5   Thumb Code     2  stm32f10x_it.o(.text)
    TIM2_GPIO_Config                         0x08000621   Thumb Code    80  motor.o(.text)
    Motor1_control                           0x08000671   Thumb Code   128  motor.o(.text)
    TIM4_GPIO_Config                         0x080006f1   Thumb Code    82  motor.o(.text)
    Motor2_control                           0x08000743   Thumb Code   126  motor.o(.text)
    LED_CONF                                 0x080007c1   Thumb Code    50  motor.o(.text)
    CAN_Config                               0x08000913   Thumb Code    20  can.o(.text)
    CAN_SetMsg                               0x08000927   Thumb Code    38  can.o(.text)
    TIM3_Mode_Config                         0x08000959   Thumb Code   198  encode.o(.text)
    TIM4_Mode_Config                         0x08000a1f   Thumb Code   198  encode.o(.text)
    TIM1_Mode_Config                         0x08000ae5   Thumb Code   194  encode.o(.text)
    TIM3_Init                                0x08000ba7   Thumb Code    12  encode.o(.text)
    SysTick_Init                             0x08000bc9   Thumb Code   106  timer.o(.text)
    Dealy_us                                 0x08000c33   Thumb Code    36  timer.o(.text)
    NVIC_Configuration                       0x08000c6d   Thumb Code    38  gpio.o(.text)
    Key_INIT                                 0x08000c93   Thumb Code    90  gpio.o(.text)
    GPIO_INIT                                0x08000ced   Thumb Code    38  gpio.o(.text)
    NVIC_PriorityGroupConfig                 0x08000d21   Thumb Code    10  misc.o(.text)
    NVIC_Init                                0x08000d2b   Thumb Code   100  misc.o(.text)
    NVIC_SetVectorTable                      0x08000d8f   Thumb Code    14  misc.o(.text)
    NVIC_SystemLPConfig                      0x08000d9d   Thumb Code    34  misc.o(.text)
    SysTick_CLKSourceConfig                  0x08000dbf   Thumb Code    40  misc.o(.text)
    CAN_DeInit                               0x08000dfd   Thumb Code    50  stm32f10x_can.o(.text)
    CAN_Init                                 0x08000e2f   Thumb Code   276  stm32f10x_can.o(.text)
    CAN_FilterInit                           0x08000f43   Thumb Code   258  stm32f10x_can.o(.text)
    CAN_StructInit                           0x08001045   Thumb Code    32  stm32f10x_can.o(.text)
    CAN_SlaveStartBank                       0x08001065   Thumb Code    48  stm32f10x_can.o(.text)
    CAN_DBGFreeze                            0x08001095   Thumb Code    22  stm32f10x_can.o(.text)
    CAN_TTComModeCmd                         0x080010ab   Thumb Code   118  stm32f10x_can.o(.text)
    CAN_Transmit                             0x08001121   Thumb Code   304  stm32f10x_can.o(.text)
    CAN_TransmitStatus                       0x08001251   Thumb Code   138  stm32f10x_can.o(.text)
    CAN_CancelTransmit                       0x080012db   Thumb Code    48  stm32f10x_can.o(.text)
    CAN_Receive                              0x0800130b   Thumb Code   240  stm32f10x_can.o(.text)
    CAN_FIFORelease                          0x080013fb   Thumb Code    22  stm32f10x_can.o(.text)
    CAN_MessagePending                       0x08001411   Thumb Code    30  stm32f10x_can.o(.text)
    CAN_OperatingModeRequest                 0x0800142f   Thumb Code   162  stm32f10x_can.o(.text)
    CAN_Sleep                                0x080014d1   Thumb Code    30  stm32f10x_can.o(.text)
    CAN_WakeUp                               0x080014ef   Thumb Code    48  stm32f10x_can.o(.text)
    CAN_GetLastErrorCode                     0x0800151f   Thumb Code    12  stm32f10x_can.o(.text)
    CAN_GetReceiveErrorCounter               0x0800152b   Thumb Code    10  stm32f10x_can.o(.text)
    CAN_GetLSBTransmitErrorCounter           0x08001535   Thumb Code    12  stm32f10x_can.o(.text)
    CAN_ITConfig                             0x08001541   Thumb Code    18  stm32f10x_can.o(.text)
    CAN_GetFlagStatus                        0x08001553   Thumb Code   120  stm32f10x_can.o(.text)
    CAN_ClearFlag                            0x080015cb   Thumb Code    52  stm32f10x_can.o(.text)
    CAN_GetITStatus                          0x08001611   Thumb Code   310  stm32f10x_can.o(.text)
    CAN_ClearITPendingBit                    0x08001747   Thumb Code   162  stm32f10x_can.o(.text)
    EXTI_DeInit                              0x080017ed   Thumb Code    28  stm32f10x_exti.o(.text)
    EXTI_Init                                0x08001809   Thumb Code   142  stm32f10x_exti.o(.text)
    EXTI_StructInit                          0x08001897   Thumb Code    16  stm32f10x_exti.o(.text)
    EXTI_GenerateSWInterrupt                 0x080018a7   Thumb Code    16  stm32f10x_exti.o(.text)
    EXTI_GetFlagStatus                       0x080018b7   Thumb Code    22  stm32f10x_exti.o(.text)
    EXTI_ClearFlag                           0x080018cd   Thumb Code     8  stm32f10x_exti.o(.text)
    EXTI_GetITStatus                         0x080018d5   Thumb Code    34  stm32f10x_exti.o(.text)
    EXTI_ClearITPendingBit                   0x080018f7   Thumb Code     8  stm32f10x_exti.o(.text)
    GPIO_DeInit                              0x08001909   Thumb Code   172  stm32f10x_gpio.o(.text)
    GPIO_AFIODeInit                          0x080019b5   Thumb Code    20  stm32f10x_gpio.o(.text)
    GPIO_Init                                0x080019c9   Thumb Code   278  stm32f10x_gpio.o(.text)
    GPIO_StructInit                          0x08001adf   Thumb Code    16  stm32f10x_gpio.o(.text)
    GPIO_ReadInputDataBit                    0x08001aef   Thumb Code    18  stm32f10x_gpio.o(.text)
    GPIO_ReadInputData                       0x08001b01   Thumb Code     8  stm32f10x_gpio.o(.text)
    GPIO_ReadOutputDataBit                   0x08001b09   Thumb Code    18  stm32f10x_gpio.o(.text)
    GPIO_ReadOutputData                      0x08001b1b   Thumb Code     8  stm32f10x_gpio.o(.text)
    GPIO_SetBits                             0x08001b23   Thumb Code     4  stm32f10x_gpio.o(.text)
    GPIO_ResetBits                           0x08001b27   Thumb Code     4  stm32f10x_gpio.o(.text)
    GPIO_WriteBit                            0x08001b2b   Thumb Code    10  stm32f10x_gpio.o(.text)
    GPIO_Write                               0x08001b35   Thumb Code     4  stm32f10x_gpio.o(.text)
    GPIO_PinLockConfig                       0x08001b39   Thumb Code    18  stm32f10x_gpio.o(.text)
    GPIO_EventOutputConfig                   0x08001b4b   Thumb Code    26  stm32f10x_gpio.o(.text)
    GPIO_EventOutputCmd                      0x08001b65   Thumb Code     6  stm32f10x_gpio.o(.text)
    GPIO_PinRemapConfig                      0x08001b6b   Thumb Code   138  stm32f10x_gpio.o(.text)
    GPIO_EXTILineConfig                      0x08001bf5   Thumb Code    66  stm32f10x_gpio.o(.text)
    GPIO_ETH_MediaInterfaceConfig            0x08001c37   Thumb Code     8  stm32f10x_gpio.o(.text)
    RCC_DeInit                               0x08001c65   Thumb Code    64  stm32f10x_rcc.o(.text)
    RCC_HSEConfig                            0x08001ca5   Thumb Code    70  stm32f10x_rcc.o(.text)
    RCC_GetFlagStatus                        0x08001ceb   Thumb Code    56  stm32f10x_rcc.o(.text)
    RCC_WaitForHSEStartUp                    0x08001d23   Thumb Code    56  stm32f10x_rcc.o(.text)
    RCC_AdjustHSICalibrationValue            0x08001d5b   Thumb Code    20  stm32f10x_rcc.o(.text)
    RCC_HSICmd                               0x08001d6f   Thumb Code     6  stm32f10x_rcc.o(.text)
    RCC_PLLConfig                            0x08001d75   Thumb Code    24  stm32f10x_rcc.o(.text)
    RCC_PLLCmd                               0x08001d8d   Thumb Code     6  stm32f10x_rcc.o(.text)
    RCC_SYSCLKConfig                         0x08001d93   Thumb Code    18  stm32f10x_rcc.o(.text)
    RCC_GetSYSCLKSource                      0x08001da5   Thumb Code    10  stm32f10x_rcc.o(.text)
    RCC_HCLKConfig                           0x08001daf   Thumb Code    18  stm32f10x_rcc.o(.text)
    RCC_PCLK1Config                          0x08001dc1   Thumb Code    18  stm32f10x_rcc.o(.text)
    RCC_PCLK2Config                          0x08001dd3   Thumb Code    20  stm32f10x_rcc.o(.text)
    RCC_ITConfig                             0x08001de7   Thumb Code    26  stm32f10x_rcc.o(.text)
    RCC_USBCLKConfig                         0x08001e01   Thumb Code     8  stm32f10x_rcc.o(.text)
    RCC_ADCCLKConfig                         0x08001e09   Thumb Code    18  stm32f10x_rcc.o(.text)
    RCC_LSEConfig                            0x08001e1b   Thumb Code    50  stm32f10x_rcc.o(.text)
    RCC_LSICmd                               0x08001e4d   Thumb Code     6  stm32f10x_rcc.o(.text)
    RCC_RTCCLKConfig                         0x08001e53   Thumb Code    12  stm32f10x_rcc.o(.text)
    RCC_RTCCLKCmd                            0x08001e5f   Thumb Code     8  stm32f10x_rcc.o(.text)
    RCC_GetClocksFreq                        0x08001e67   Thumb Code   192  stm32f10x_rcc.o(.text)
    RCC_AHBPeriphClockCmd                    0x08001f27   Thumb Code    26  stm32f10x_rcc.o(.text)
    RCC_APB2PeriphClockCmd                   0x08001f41   Thumb Code    26  stm32f10x_rcc.o(.text)
    RCC_APB1PeriphClockCmd                   0x08001f5b   Thumb Code    26  stm32f10x_rcc.o(.text)
    RCC_APB2PeriphResetCmd                   0x08001f75   Thumb Code    26  stm32f10x_rcc.o(.text)
    RCC_APB1PeriphResetCmd                   0x08001f8f   Thumb Code    26  stm32f10x_rcc.o(.text)
    RCC_BackupResetCmd                       0x08001fa9   Thumb Code     8  stm32f10x_rcc.o(.text)
    RCC_ClockSecuritySystemCmd               0x08001fb1   Thumb Code     6  stm32f10x_rcc.o(.text)
    RCC_MCOConfig                            0x08001fb7   Thumb Code     6  stm32f10x_rcc.o(.text)
    RCC_ClearFlag                            0x08001fbd   Thumb Code    14  stm32f10x_rcc.o(.text)
    RCC_GetITStatus                          0x08001fcb   Thumb Code    20  stm32f10x_rcc.o(.text)
    RCC_ClearITPendingBit                    0x08001fdf   Thumb Code     6  stm32f10x_rcc.o(.text)
    TIM_DeInit                               0x08002009   Thumb Code   424  stm32f10x_tim.o(.text)
    TIM_TimeBaseInit                         0x080021b1   Thumb Code   122  stm32f10x_tim.o(.text)
    TIM_OC1Init                              0x0800222b   Thumb Code   132  stm32f10x_tim.o(.text)
    TIM_OC2Init                              0x080022af   Thumb Code   154  stm32f10x_tim.o(.text)
    TIM_OC3Init                              0x08002349   Thumb Code   150  stm32f10x_tim.o(.text)
    TIM_OC4Init                              0x080023df   Thumb Code   182  stm32f10x_tim.o(.text)
    TIM_SetIC4Prescaler                      0x08002495   Thumb Code    26  stm32f10x_tim.o(.text)
    TIM_SetIC3Prescaler                      0x08002531   Thumb Code    18  stm32f10x_tim.o(.text)
    TIM_SetIC2Prescaler                      0x080025bd   Thumb Code    26  stm32f10x_tim.o(.text)
    TIM_SetIC1Prescaler                      0x08002659   Thumb Code    18  stm32f10x_tim.o(.text)
    TIM_ICInit                               0x080026d7   Thumb Code   150  stm32f10x_tim.o(.text)
    TIM_PWMIConfig                           0x0800276d   Thumb Code   124  stm32f10x_tim.o(.text)
    TIM_BDTRConfig                           0x080027e9   Thumb Code    32  stm32f10x_tim.o(.text)
    TIM_TimeBaseStructInit                   0x08002809   Thumb Code    18  stm32f10x_tim.o(.text)
    TIM_OCStructInit                         0x0800281b   Thumb Code    20  stm32f10x_tim.o(.text)
    TIM_ICStructInit                         0x0800282f   Thumb Code    18  stm32f10x_tim.o(.text)
    TIM_BDTRStructInit                       0x08002841   Thumb Code    40  stm32f10x_tim.o(.text)
    TIM_Cmd                                  0x08002869   Thumb Code    24  stm32f10x_tim.o(.text)
    TIM_CtrlPWMOutputs                       0x08002881   Thumb Code    30  stm32f10x_tim.o(.text)
    TIM_ITConfig                             0x0800289f   Thumb Code    18  stm32f10x_tim.o(.text)
    TIM_GenerateEvent                        0x080028b1   Thumb Code     4  stm32f10x_tim.o(.text)
    TIM_DMAConfig                            0x080028b5   Thumb Code    10  stm32f10x_tim.o(.text)
    TIM_DMACmd                               0x080028bf   Thumb Code    18  stm32f10x_tim.o(.text)
    TIM_InternalClockConfig                  0x080028d1   Thumb Code    12  stm32f10x_tim.o(.text)
    TIM_SelectInputTrigger                   0x080028dd   Thumb Code    18  stm32f10x_tim.o(.text)
    TIM_ITRxExternalClockConfig              0x080028ef   Thumb Code    24  stm32f10x_tim.o(.text)
    TIM_TIxExternalClockConfig               0x08002907   Thumb Code    62  stm32f10x_tim.o(.text)
    TIM_ETRConfig                            0x08002945   Thumb Code    28  stm32f10x_tim.o(.text)
    TIM_ETRClockMode1Config                  0x08002961   Thumb Code    54  stm32f10x_tim.o(.text)
    TIM_ETRClockMode2Config                  0x08002997   Thumb Code    32  stm32f10x_tim.o(.text)
    TIM_PrescalerConfig                      0x080029b7   Thumb Code     6  stm32f10x_tim.o(.text)
    TIM_CounterModeConfig                    0x080029bd   Thumb Code    18  stm32f10x_tim.o(.text)
    TIM_EncoderInterfaceConfig               0x080029cf   Thumb Code    66  stm32f10x_tim.o(.text)
    TIM_ForcedOC1Config                      0x08002a11   Thumb Code    18  stm32f10x_tim.o(.text)
    TIM_ForcedOC2Config                      0x08002a23   Thumb Code    26  stm32f10x_tim.o(.text)
    TIM_ForcedOC3Config                      0x08002a3d   Thumb Code    18  stm32f10x_tim.o(.text)
    TIM_ForcedOC4Config                      0x08002a4f   Thumb Code    26  stm32f10x_tim.o(.text)
    TIM_ARRPreloadConfig                     0x08002a69   Thumb Code    24  stm32f10x_tim.o(.text)
    TIM_SelectCOM                            0x08002a81   Thumb Code    24  stm32f10x_tim.o(.text)
    TIM_SelectCCDMA                          0x08002a99   Thumb Code    24  stm32f10x_tim.o(.text)
    TIM_CCPreloadControl                     0x08002ab1   Thumb Code    24  stm32f10x_tim.o(.text)
    TIM_OC1PreloadConfig                     0x08002ac9   Thumb Code    18  stm32f10x_tim.o(.text)
    TIM_OC2PreloadConfig                     0x08002adb   Thumb Code    26  stm32f10x_tim.o(.text)
    TIM_OC3PreloadConfig                     0x08002af5   Thumb Code    18  stm32f10x_tim.o(.text)
    TIM_OC4PreloadConfig                     0x08002b07   Thumb Code    26  stm32f10x_tim.o(.text)
    TIM_OC1FastConfig                        0x08002b21   Thumb Code    18  stm32f10x_tim.o(.text)
    TIM_OC2FastConfig                        0x08002b33   Thumb Code    26  stm32f10x_tim.o(.text)
    TIM_OC3FastConfig                        0x08002b4d   Thumb Code    18  stm32f10x_tim.o(.text)
    TIM_OC4FastConfig                        0x08002b5f   Thumb Code    26  stm32f10x_tim.o(.text)
    TIM_ClearOC1Ref                          0x08002b79   Thumb Code    18  stm32f10x_tim.o(.text)
    TIM_ClearOC2Ref                          0x08002b8b   Thumb Code    24  stm32f10x_tim.o(.text)
    TIM_ClearOC3Ref                          0x08002ba3   Thumb Code    18  stm32f10x_tim.o(.text)
    TIM_ClearOC4Ref                          0x08002bb5   Thumb Code    24  stm32f10x_tim.o(.text)
    TIM_OC1PolarityConfig                    0x08002bcd   Thumb Code    18  stm32f10x_tim.o(.text)
    TIM_OC1NPolarityConfig                   0x08002bdf   Thumb Code    18  stm32f10x_tim.o(.text)
    TIM_OC2PolarityConfig                    0x08002bf1   Thumb Code    26  stm32f10x_tim.o(.text)
    TIM_OC2NPolarityConfig                   0x08002c0b   Thumb Code    26  stm32f10x_tim.o(.text)
    TIM_OC3PolarityConfig                    0x08002c25   Thumb Code    26  stm32f10x_tim.o(.text)
    TIM_OC3NPolarityConfig                   0x08002c3f   Thumb Code    26  stm32f10x_tim.o(.text)
    TIM_OC4PolarityConfig                    0x08002c59   Thumb Code    26  stm32f10x_tim.o(.text)
    TIM_CCxCmd                               0x08002c73   Thumb Code    30  stm32f10x_tim.o(.text)
    TIM_CCxNCmd                              0x08002c91   Thumb Code    30  stm32f10x_tim.o(.text)
    TIM_SelectOCxM                           0x08002caf   Thumb Code    82  stm32f10x_tim.o(.text)
    TIM_UpdateDisableConfig                  0x08002d01   Thumb Code    24  stm32f10x_tim.o(.text)
    TIM_UpdateRequestConfig                  0x08002d19   Thumb Code    24  stm32f10x_tim.o(.text)
    TIM_SelectHallSensor                     0x08002d31   Thumb Code    24  stm32f10x_tim.o(.text)
    TIM_SelectOnePulseMode                   0x08002d49   Thumb Code    18  stm32f10x_tim.o(.text)
    TIM_SelectOutputTrigger                  0x08002d5b   Thumb Code    18  stm32f10x_tim.o(.text)
    TIM_SelectSlaveMode                      0x08002d6d   Thumb Code    18  stm32f10x_tim.o(.text)
    TIM_SelectMasterSlaveMode                0x08002d7f   Thumb Code    18  stm32f10x_tim.o(.text)
    TIM_SetCounter                           0x08002d91   Thumb Code     4  stm32f10x_tim.o(.text)
    TIM_SetAutoreload                        0x08002d95   Thumb Code     4  stm32f10x_tim.o(.text)
    TIM_SetCompare1                          0x08002d99   Thumb Code     4  stm32f10x_tim.o(.text)
    TIM_SetCompare2                          0x08002d9d   Thumb Code     4  stm32f10x_tim.o(.text)
    TIM_SetCompare3                          0x08002da1   Thumb Code     4  stm32f10x_tim.o(.text)
    TIM_SetCompare4                          0x08002da5   Thumb Code     6  stm32f10x_tim.o(.text)
    TIM_SetClockDivision                     0x08002dab   Thumb Code    18  stm32f10x_tim.o(.text)
    TIM_GetCapture1                          0x08002dbd   Thumb Code     6  stm32f10x_tim.o(.text)
    TIM_GetCapture2                          0x08002dc3   Thumb Code     6  stm32f10x_tim.o(.text)
    TIM_GetCapture3                          0x08002dc9   Thumb Code     6  stm32f10x_tim.o(.text)
    TIM_GetCapture4                          0x08002dcf   Thumb Code     8  stm32f10x_tim.o(.text)
    TIM_GetCounter                           0x08002dd7   Thumb Code     6  stm32f10x_tim.o(.text)
    TIM_GetPrescaler                         0x08002ddd   Thumb Code     6  stm32f10x_tim.o(.text)
    TIM_GetFlagStatus                        0x08002de3   Thumb Code    18  stm32f10x_tim.o(.text)
    TIM_ClearFlag                            0x08002df5   Thumb Code     6  stm32f10x_tim.o(.text)
    TIM_GetITStatus                          0x08002dfb   Thumb Code    34  stm32f10x_tim.o(.text)
    TIM_ClearITPendingBit                    0x08002e1d   Thumb Code     6  stm32f10x_tim.o(.text)
    SystemInit                               0x08002f03   Thumb Code    78  system_stm32f10x.o(.text)
    SystemCoreClockUpdate                    0x08002f51   Thumb Code   142  system_stm32f10x.o(.text)
    __scatterload                            0x08003005   Thumb Code    28  init.o(.text)
    __scatterload_rt2                        0x08003005   Thumb Code     0  init.o(.text)
    __scatterload_copy                       0x08003029   Thumb Code    14  handlers.o(i.__scatterload_copy)
    __scatterload_null                       0x08003037   Thumb Code     2  handlers.o(i.__scatterload_null)
    __scatterload_zeroinit                   0x08003039   Thumb Code    14  handlers.o(i.__scatterload_zeroinit)
    Region$$Table$$Base                      0x08003048   Number         0  anon$$obj.o(Region$$Table)
    Region$$Table$$Limit                     0x08003068   Number         0  anon$$obj.o(Region$$Table)
    flag                                     0x20000000   Data           4  main.o(.data)
    count                                    0x20000004   Data           2  main.o(.data)
    count1                                   0x20000006   Data           2  main.o(.data)
    timer                                    0x20000008   Data           4  main.o(.data)
    interFlag                                0x2000000c   Data           1  main.o(.data)
    TimingDelay                              0x20000010   Data           4  timer.o(.data)
    SystemCoreClock                          0x20000028   Data           4  system_stm32f10x.o(.data)
    AHBPrescTable                            0x2000002c   Data          16  system_stm32f10x.o(.data)
    TxMessage                                0x2000003c   Data          20  main.o(.bss)
    RxMessage                                0x20000050   Data          20  main.o(.bss)
    __initial_sp                             0x20000468   Data           0  startup_stm32f10x_hd.o(STACK)



==============================================================================

Memory Map of the image

  Image Entry point : 0x08000131

  Load Region LR_IROM1 (Base: 0x08000000, Size: 0x000030a4, Max: 0x00080000, ABSOLUTE)

    Execution Region ER_IROM1 (Base: 0x08000000, Size: 0x00003068, Max: 0x00080000, ABSOLUTE)

    Base Addr    Size         Type   Attr      Idx    E Section Name        Object

    0x08000000   0x00000130   Data   RO            3    RESET               startup_stm32f10x_hd.o
    0x08000130   0x00000000   Code   RO          394  * .ARM.Collect$$$$00000000  mc_w.l(entry.o)
    0x08000130   0x00000004   Code   RO          397    .ARM.Collect$$$$00000001  mc_w.l(entry2.o)
    0x08000134   0x00000004   Code   RO          400    .ARM.Collect$$$$00000004  mc_w.l(entry5.o)
    0x08000138   0x00000000   Code   RO          402    .ARM.Collect$$$$00000008  mc_w.l(entry7b.o)
    0x08000138   0x00000000   Code   RO          404    .ARM.Collect$$$$0000000A  mc_w.l(entry8b.o)
    0x08000138   0x00000008   Code   RO          405    .ARM.Collect$$$$0000000B  mc_w.l(entry9a.o)
    0x08000140   0x00000000   Code   RO          407    .ARM.Collect$$$$0000000D  mc_w.l(entry10a.o)
    0x08000140   0x00000000   Code   RO          409    .ARM.Collect$$$$0000000F  mc_w.l(entry11a.o)
    0x08000140   0x00000004   Code   RO          398    .ARM.Collect$$$$00002712  mc_w.l(entry2.o)
    0x08000144   0x00000024   Code   RO            4    .text               startup_stm32f10x_hd.o
    0x08000168   0x000003d4   Code   RO           10    .text               main.o
    0x0800053c   0x000000e4   Code   RO           89    .text               stm32f10x_it.o
    0x08000620   0x000001e4   Code   RO          109    .text               motor.o
    0x08000804   0x00000154   Code   RO          121    .text               can.o
    0x08000958   0x00000270   Code   RO          156    .text               encode.o
    0x08000bc8   0x000000a4   Code   RO          168    .text               timer.o
    0x08000c6c   0x000000b4   Code   RO          187    .text               gpio.o
    0x08000d20   0x000000dc   Code   RO          199    .text               misc.o
    0x08000dfc   0x000009f0   Code   RO          226    .text               stm32f10x_can.o
    0x080017ec   0x0000011c   Code   RO          250    .text               stm32f10x_exti.o
    0x08001908   0x0000035c   Code   RO          292    .text               stm32f10x_gpio.o
    0x08001c64   0x000003a4   Code   RO          316    .text               stm32f10x_rcc.o
    0x08002008   0x00000e1a   Code   RO          342    .text               stm32f10x_tim.o
    0x08002e22   0x00000002   PAD
    0x08002e24   0x000001e0   Code   RO          376    .text               system_stm32f10x.o
    0x08003004   0x00000024   Code   RO          411    .text               mc_w.l(init.o)
    0x08003028   0x0000000e   Code   RO          415    i.__scatterload_copy  mc_w.l(handlers.o)
    0x08003036   0x00000002   Code   RO          416    i.__scatterload_null  mc_w.l(handlers.o)
    0x08003038   0x0000000e   Code   RO          417    i.__scatterload_zeroinit  mc_w.l(handlers.o)
    0x08003046   0x00000002   PAD
    0x08003048   0x00000020   Data   RO          413    Region$$Table       anon$$obj.o


    Execution Region RW_IRAM1 (Base: 0x20000000, Size: 0x00000468, Max: 0x00010000, ABSOLUTE)

    Base Addr    Size         Type   Attr      Idx    E Section Name        Object

    0x20000000   0x0000000d   Data   RW           12    .data               main.o
    0x2000000d   0x00000003   PAD
    0x20000010   0x00000004   Data   RW          169    .data               timer.o
    0x20000014   0x00000014   Data   RW          317    .data               stm32f10x_rcc.o
    0x20000028   0x00000014   Data   RW          377    .data               system_stm32f10x.o
    0x2000003c   0x00000028   Zero   RW           11    .bss                main.o
    0x20000064   0x00000004   PAD
    0x20000068   0x00000400   Zero   RW            1    STACK               startup_stm32f10x_hd.o


==============================================================================

Image component sizes


      Code (inc. data)   RO Data    RW Data    ZI Data      Debug   Object Name

       340         12          0          0          0       1288   can.o
       624         22          0          0          0       1563   encode.o
       180         14          0          0          0        848   gpio.o
       980         44          0         13         40     259355   main.o
       220         22          0          0          0       1737   misc.o
       484         18          0          0          0       1615   motor.o
        36          8        304          0       1024        836   startup_stm32f10x_hd.o
      2544         38          0          0          0       7968   stm32f10x_can.o
       284         10          0          0          0       2195   stm32f10x_exti.o
       860         38          0          0          0       5673   stm32f10x_gpio.o
       228         42          0          0          0       2047   stm32f10x_it.o
       932         36          0         20          0       8836   stm32f10x_rcc.o
      3610         88          0          0          0      22780   stm32f10x_tim.o
       480         38          0         20          0       1775   system_stm32f10x.o
       164         22          0          4          0      16345   timer.o

    ----------------------------------------------------------------------
     11968        452        336         60       1068     334861   Object Totals
         0          0         32          0          0          0   (incl. Generated)
         2          0          0          3          4          0   (incl. Padding)

    ----------------------------------------------------------------------

      Code (inc. data)   RO Data    RW Data    ZI Data      Debug   Library Member Name

         0          0          0          0          0          0   entry.o
         0          0          0          0          0          0   entry10a.o
         0          0          0          0          0          0   entry11a.o
         8          4          0          0          0          0   entry2.o
         4          0          0          0          0          0   entry5.o
         0          0          0          0          0          0   entry7b.o
         0          0          0          0          0          0   entry8b.o
         8          4          0          0          0          0   entry9a.o
        30          0          0          0          0          0   handlers.o
        36          8          0          0          0         68   init.o

    ----------------------------------------------------------------------
        88         16          0          0          0         68   Library Totals
         2          0          0          0          0          0   (incl. Padding)

    ----------------------------------------------------------------------

      Code (inc. data)   RO Data    RW Data    ZI Data      Debug   Library Name

        86         16          0          0          0         68   mc_w.l

    ----------------------------------------------------------------------
        88         16          0          0          0         68   Library Totals

    ----------------------------------------------------------------------

==============================================================================


      Code (inc. data)   RO Data    RW Data    ZI Data      Debug   

     12056        468        336         60       1068     333781   Grand Totals
     12056        468        336         60       1068     333781   ELF Image Totals
     12056        468        336         60          0          0   ROM Totals

==============================================================================

    Total RO  Size (Code + RO Data)                12392 (  12.10kB)
    Total RW  Size (RW Data + ZI Data)              1128 (   1.10kB)
    Total ROM Size (Code + RO Data + RW Data)      12452 (  12.16kB)

==============================================================================

