Component: ARM Compiler 5.06 update 4 (build 422) Tool: armlink [4d35d2]

==============================================================================

Section Cross References

    startup_stm32f10x_hd.o(RESET) refers to startup_stm32f10x_hd.o(STACK) for __initial_sp
    startup_stm32f10x_hd.o(RESET) refers to startup_stm32f10x_hd.o(.text) for Reset_Handler
    startup_stm32f10x_hd.o(RESET) refers to stm32f10x_it.o(.text) for NMI_Handler
    startup_stm32f10x_hd.o(.text) refers to system_stm32f10x.o(.text) for SystemInit
    startup_stm32f10x_hd.o(.text) refers to entry.o(.ARM.Collect$$$$00000000) for __main
    main.o(.text) refers to stm32f10x_gpio.o(.text) for GPIO_ResetBits
    main.o(.text) refers to motor.o(.text) for Motor1_control
    main.o(.text) refers to dflti.o(.text) for __aeabi_i2d
    main.o(.text) refers to dmul.o(.text) for __aeabi_dmul
    main.o(.text) refers to f2d.o(.text) for __aeabi_f2d
    main.o(.text) refers to dadd.o(.text) for __aeabi_dadd
    main.o(.text) refers to d2f.o(.text) for __aeabi_d2f
    main.o(.text) refers to can.o(.text) for CAN_Config
    main.o(.text) refers to encode.o(.text) for TIM3_Init
    main.o(.text) refers to timer.o(.text) for SysTick_Init
    main.o(.text) refers to stm32f10x_can.o(.text) for CAN_Transmit
    main.o(.text) refers to ffltui.o(.text) for __aeabi_ui2f
    main.o(.text) refers to fadd.o(.text) for __aeabi_frsub
    main.o(.text) refers to cfrcmple.o(.text) for __aeabi_cfrcmple
    main.o(.text) refers to cfcmple.o(.text) for __aeabi_cfcmple
    main.o(.text) refers to main.o(.bss) for RxMessage
    main.o(.text) refers to main.o(.data) for SpeedArr
    stm32f10x_it.o(.text) refers to stm32f10x_can.o(.text) for CAN_Receive
    stm32f10x_it.o(.text) refers to main.o(.bss) for RxMessage
    stm32f10x_it.o(.text) refers to main.o(.data) for cycle
    stm32f10x_it.o(.text) refers to timer.o(.data) for TimingDelay
    motor.o(.text) refers to stm32f10x_rcc.o(.text) for RCC_APB1PeriphClockCmd
    motor.o(.text) refers to stm32f10x_gpio.o(.text) for GPIO_Init
    motor.o(.text) refers to stm32f10x_tim.o(.text) for TIM_TimeBaseInit
    can.o(.text) refers to stm32f10x_rcc.o(.text) for RCC_APB2PeriphClockCmd
    can.o(.text) refers to stm32f10x_gpio.o(.text) for GPIO_Init
    can.o(.text) refers to misc.o(.text) for NVIC_PriorityGroupConfig
    can.o(.text) refers to stm32f10x_can.o(.text) for CAN_DeInit
    can.o(.text) refers to main.o(.bss) for TxMessage
    usart1.o(.text) refers to stm32f10x_rcc.o(.text) for RCC_APB2PeriphClockCmd
    usart1.o(.text) refers to stm32f10x_gpio.o(.text) for GPIO_PinRemapConfig
    usart1.o(.text) refers to stm32f10x_usart.o(.text) for USART_Init
    encode.o(.text) refers to stm32f10x_rcc.o(.text) for RCC_APB1PeriphClockCmd
    encode.o(.text) refers to stm32f10x_gpio.o(.text) for GPIO_StructInit
    encode.o(.text) refers to misc.o(.text) for NVIC_PriorityGroupConfig
    encode.o(.text) refers to stm32f10x_tim.o(.text) for TIM_DeInit
    timer.o(.text) refers to system_stm32f10x.o(.data) for SystemCoreClock
    timer.o(.text) refers to timer.o(.data) for TimingDelay
    stm32f10x_bkp.o(.text) refers to stm32f10x_rcc.o(.text) for RCC_BackupResetCmd
    stm32f10x_can.o(.text) refers to stm32f10x_rcc.o(.text) for RCC_APB1PeriphResetCmd
    stm32f10x_gpio.o(.text) refers to stm32f10x_rcc.o(.text) for RCC_APB2PeriphResetCmd
    stm32f10x_pwr.o(.text) refers to stm32f10x_rcc.o(.text) for RCC_APB1PeriphResetCmd
    stm32f10x_rcc.o(.text) refers to stm32f10x_rcc.o(.data) for APBAHBPrescTable
    stm32f10x_tim.o(.text) refers to stm32f10x_rcc.o(.text) for RCC_APB2PeriphResetCmd
    stm32f10x_usart.o(.text) refers to stm32f10x_rcc.o(.text) for RCC_APB2PeriphResetCmd
    system_stm32f10x.o(.text) refers to system_stm32f10x.o(.data) for SystemCoreClock
    entry.o(.ARM.Collect$$$$00000000) refers (Special) to entry10a.o(.ARM.Collect$$$$0000000D) for __rt_final_cpp
    entry.o(.ARM.Collect$$$$00000000) refers (Special) to entry11a.o(.ARM.Collect$$$$0000000F) for __rt_final_exit
    entry.o(.ARM.Collect$$$$00000000) refers (Special) to entry7b.o(.ARM.Collect$$$$00000008) for _main_clock
    entry.o(.ARM.Collect$$$$00000000) refers (Special) to entry8b.o(.ARM.Collect$$$$0000000A) for _main_cpp_init
    entry.o(.ARM.Collect$$$$00000000) refers (Special) to entry9a.o(.ARM.Collect$$$$0000000B) for _main_init
    entry.o(.ARM.Collect$$$$00000000) refers (Special) to entry5.o(.ARM.Collect$$$$00000004) for _main_scatterload
    entry.o(.ARM.Collect$$$$00000000) refers (Special) to entry2.o(.ARM.Collect$$$$00000001) for _main_stk
    fadd.o(.text) refers (Special) to iusefp.o(.text) for __I$use$fp
    fadd.o(.text) refers to fepilogue.o(.text) for _float_epilogue
    dadd.o(.text) refers (Special) to iusefp.o(.text) for __I$use$fp
    dadd.o(.text) refers to llshl.o(.text) for __aeabi_llsl
    dadd.o(.text) refers to llsshr.o(.text) for __aeabi_lasr
    dadd.o(.text) refers to depilogue.o(.text) for _double_epilogue
    dmul.o(.text) refers (Special) to iusefp.o(.text) for __I$use$fp
    dmul.o(.text) refers to depilogue.o(.text) for _double_epilogue
    ffltui.o(.text) refers (Special) to iusefp.o(.text) for __I$use$fp
    ffltui.o(.text) refers to fepilogue.o(.text) for _float_epilogue
    dflti.o(.text) refers (Special) to iusefp.o(.text) for __I$use$fp
    dflti.o(.text) refers to depilogue.o(.text) for _double_epilogue
    f2d.o(.text) refers (Special) to iusefp.o(.text) for __I$use$fp
    d2f.o(.text) refers (Special) to iusefp.o(.text) for __I$use$fp
    d2f.o(.text) refers to fepilogue.o(.text) for _float_round
    cfcmple.o(.text) refers (Special) to iusefp.o(.text) for __I$use$fp
    cfrcmple.o(.text) refers (Special) to iusefp.o(.text) for __I$use$fp
    entry2.o(.ARM.Collect$$$$00000001) refers to entry2.o(.ARM.Collect$$$$00002712) for __lit__00000000
    entry2.o(.ARM.Collect$$$$00002712) refers to startup_stm32f10x_hd.o(STACK) for __initial_sp
    entry2.o(__vectab_stack_and_reset_area) refers to startup_stm32f10x_hd.o(STACK) for __initial_sp
    entry2.o(__vectab_stack_and_reset_area) refers to entry.o(.ARM.Collect$$$$00000000) for __main
    entry5.o(.ARM.Collect$$$$00000004) refers to init.o(.text) for __scatterload
    entry9a.o(.ARM.Collect$$$$0000000B) refers to main.o(.text) for main
    entry9b.o(.ARM.Collect$$$$0000000C) refers to main.o(.text) for main
    depilogue.o(.text) refers to llshl.o(.text) for __aeabi_llsl
    depilogue.o(.text) refers to llushr.o(.text) for __aeabi_llsr
    init.o(.text) refers to entry5.o(.ARM.Collect$$$$00000004) for __main_after_scatterload


==============================================================================

Removing Unused input sections from the image.

    Removing startup_stm32f10x_hd.o(HEAP), (512 bytes).
    Removing usart1.o(.text), (528 bytes).
    Removing stm32f10x_bkp.o(.text), (196 bytes).
    Removing stm32f10x_dma.o(.text), (596 bytes).
    Removing stm32f10x_exti.o(.text), (284 bytes).
    Removing stm32f10x_flash.o(.text), (1468 bytes).
    Removing stm32f10x_fsmc.o(.text), (1548 bytes).
    Removing stm32f10x_pwr.o(.text), (204 bytes).
    Removing stm32f10x_rtc.o(.text), (328 bytes).
    Removing stm32f10x_usart.o(.text), (1032 bytes).
    Removing core_cm3.o(.emb_text), (32 bytes).

11 unused section(s) (total 6728 bytes) removed from the image.

==============================================================================

Image Symbol Table

    Local Symbols

    Symbol Name                              Value     Ov Type        Size  Object(Section)

    ../clib/../cmprslib/lz77c.c              0x00000000   Number         0  __dclz77c.o ABSOLUTE
    ../clib/microlib/init/entry.s            0x00000000   Number         0  entry11a.o ABSOLUTE
    ../clib/microlib/init/entry.s            0x00000000   Number         0  entry5.o ABSOLUTE
    ../clib/microlib/init/entry.s            0x00000000   Number         0  entry8b.o ABSOLUTE
    ../clib/microlib/init/entry.s            0x00000000   Number         0  entry9a.o ABSOLUTE
    ../clib/microlib/init/entry.s            0x00000000   Number         0  entry9b.o ABSOLUTE
    ../clib/microlib/init/entry.s            0x00000000   Number         0  entry2.o ABSOLUTE
    ../clib/microlib/init/entry.s            0x00000000   Number         0  entry8a.o ABSOLUTE
    ../clib/microlib/init/entry.s            0x00000000   Number         0  entry10a.o ABSOLUTE
    ../clib/microlib/init/entry.s            0x00000000   Number         0  entry10b.o ABSOLUTE
    ../clib/microlib/init/entry.s            0x00000000   Number         0  entry11b.o ABSOLUTE
    ../clib/microlib/init/entry.s            0x00000000   Number         0  entry7b.o ABSOLUTE
    ../clib/microlib/init/entry.s            0x00000000   Number         0  entry7a.o ABSOLUTE
    ../clib/microlib/init/entry.s            0x00000000   Number         0  entry.o ABSOLUTE
    ../clib/microlib/longlong.c              0x00000000   Number         0  llushr.o ABSOLUTE
    ../clib/microlib/longlong.c              0x00000000   Number         0  llsshr.o ABSOLUTE
    ../clib/microlib/longlong.c              0x00000000   Number         0  llshl.o ABSOLUTE
    ../clib/microlib/stubs.s                 0x00000000   Number         0  iusefp.o ABSOLUTE
    ../fplib/microlib/d2f.c                  0x00000000   Number         0  d2f.o ABSOLUTE
    ../fplib/microlib/f2d.c                  0x00000000   Number         0  f2d.o ABSOLUTE
    ../fplib/microlib/fpadd.c                0x00000000   Number         0  dadd.o ABSOLUTE
    ../fplib/microlib/fpadd.c                0x00000000   Number         0  fadd.o ABSOLUTE
    ../fplib/microlib/fpepilogue.c           0x00000000   Number         0  fepilogue.o ABSOLUTE
    ../fplib/microlib/fpepilogue.c           0x00000000   Number         0  depilogue.o ABSOLUTE
    ../fplib/microlib/fpflt.c                0x00000000   Number         0  ffltui.o ABSOLUTE
    ../fplib/microlib/fpflt.c                0x00000000   Number         0  dflti.o ABSOLUTE
    ../fplib/microlib/fpmul.c                0x00000000   Number         0  dmul.o ABSOLUTE
    ..\CMSIS\core_cm3.c                      0x00000000   Number         0  core_cm3.o ABSOLUTE
    ..\CMSIS\startup\startup_stm32f10x_hd.s  0x00000000   Number         0  startup_stm32f10x_hd.o ABSOLUTE
    ..\CMSIS\system_stm32f10x.c              0x00000000   Number         0  system_stm32f10x.o ABSOLUTE
    ..\FWlib\src\misc.c                      0x00000000   Number         0  misc.o ABSOLUTE
    ..\FWlib\src\stm32f10x_bkp.c             0x00000000   Number         0  stm32f10x_bkp.o ABSOLUTE
    ..\FWlib\src\stm32f10x_can.c             0x00000000   Number         0  stm32f10x_can.o ABSOLUTE
    ..\FWlib\src\stm32f10x_dma.c             0x00000000   Number         0  stm32f10x_dma.o ABSOLUTE
    ..\FWlib\src\stm32f10x_exti.c            0x00000000   Number         0  stm32f10x_exti.o ABSOLUTE
    ..\FWlib\src\stm32f10x_flash.c           0x00000000   Number         0  stm32f10x_flash.o ABSOLUTE
    ..\FWlib\src\stm32f10x_fsmc.c            0x00000000   Number         0  stm32f10x_fsmc.o ABSOLUTE
    ..\FWlib\src\stm32f10x_gpio.c            0x00000000   Number         0  stm32f10x_gpio.o ABSOLUTE
    ..\FWlib\src\stm32f10x_pwr.c             0x00000000   Number         0  stm32f10x_pwr.o ABSOLUTE
    ..\FWlib\src\stm32f10x_rcc.c             0x00000000   Number         0  stm32f10x_rcc.o ABSOLUTE
    ..\FWlib\src\stm32f10x_rtc.c             0x00000000   Number         0  stm32f10x_rtc.o ABSOLUTE
    ..\FWlib\src\stm32f10x_tim.c             0x00000000   Number         0  stm32f10x_tim.o ABSOLUTE
    ..\FWlib\src\stm32f10x_usart.c           0x00000000   Number         0  stm32f10x_usart.o ABSOLUTE
    ..\\CMSIS\\core_cm3.c                    0x00000000   Number         0  core_cm3.o ABSOLUTE
    can.c                                    0x00000000   Number         0  can.o ABSOLUTE
    cfcmple.s                                0x00000000   Number         0  cfcmple.o ABSOLUTE
    cfrcmple.s                               0x00000000   Number         0  cfrcmple.o ABSOLUTE
    dc.s                                     0x00000000   Number         0  dc.o ABSOLUTE
    encode.c                                 0x00000000   Number         0  encode.o ABSOLUTE
    handlers.s                               0x00000000   Number         0  handlers.o ABSOLUTE
    init.s                                   0x00000000   Number         0  init.o ABSOLUTE
    main.c                                   0x00000000   Number         0  main.o ABSOLUTE
    motor.c                                  0x00000000   Number         0  motor.o ABSOLUTE
    stm32f10x_it.c                           0x00000000   Number         0  stm32f10x_it.o ABSOLUTE
    timer.c                                  0x00000000   Number         0  timer.o ABSOLUTE
    usart1.c                                 0x00000000   Number         0  usart1.o ABSOLUTE
    RESET                                    0x08000000   Section      304  startup_stm32f10x_hd.o(RESET)
    .ARM.Collect$$$$00000000                 0x08000130   Section        0  entry.o(.ARM.Collect$$$$00000000)
    .ARM.Collect$$$$00000001                 0x08000130   Section        4  entry2.o(.ARM.Collect$$$$00000001)
    .ARM.Collect$$$$00000004                 0x08000134   Section        4  entry5.o(.ARM.Collect$$$$00000004)
    .ARM.Collect$$$$00000008                 0x08000138   Section        0  entry7b.o(.ARM.Collect$$$$00000008)
    .ARM.Collect$$$$0000000A                 0x08000138   Section        0  entry8b.o(.ARM.Collect$$$$0000000A)
    .ARM.Collect$$$$0000000B                 0x08000138   Section        8  entry9a.o(.ARM.Collect$$$$0000000B)
    .ARM.Collect$$$$0000000D                 0x08000140   Section        0  entry10a.o(.ARM.Collect$$$$0000000D)
    .ARM.Collect$$$$0000000F                 0x08000140   Section        0  entry11a.o(.ARM.Collect$$$$0000000F)
    .ARM.Collect$$$$00002712                 0x08000140   Section        4  entry2.o(.ARM.Collect$$$$00002712)
    __lit__00000000                          0x08000140   Data           4  entry2.o(.ARM.Collect$$$$00002712)
    .text                                    0x08000144   Section       36  startup_stm32f10x_hd.o(.text)
    .text                                    0x08000168   Section        0  main.o(.text)
    .text                                    0x080007d8   Section        0  stm32f10x_it.o(.text)
    .text                                    0x080008d8   Section        0  motor.o(.text)
    .text                                    0x08000abc   Section        0  can.o(.text)
    CAN_GPIO_Config                          0x08000abd   Thumb Code    76  can.o(.text)
    CAN_NVIC_Config                          0x08000b09   Thumb Code    40  can.o(.text)
    CAN_Mode_Config                          0x08000b31   Thumb Code    80  can.o(.text)
    CAN_Filter_Config                        0x08000b81   Thumb Code    74  can.o(.text)
    .text                                    0x08000c10   Section        0  encode.o(.text)
    .text                                    0x08000e84   Section        0  timer.o(.text)
    .text                                    0x08000f28   Section        0  misc.o(.text)
    .text                                    0x08001004   Section        0  stm32f10x_can.o(.text)
    CheckITStatus                            0x08001807   Thumb Code    18  stm32f10x_can.o(.text)
    .text                                    0x080019f4   Section        0  stm32f10x_gpio.o(.text)
    .text                                    0x08001d50   Section        0  stm32f10x_rcc.o(.text)
    .text                                    0x080020f4   Section        0  stm32f10x_tim.o(.text)
    TI4_Config                               0x0800259b   Thumb Code   130  stm32f10x_tim.o(.text)
    TI3_Config                               0x0800262f   Thumb Code   122  stm32f10x_tim.o(.text)
    TI2_Config                               0x080026c3   Thumb Code   130  stm32f10x_tim.o(.text)
    TI1_Config                               0x08002757   Thumb Code   108  stm32f10x_tim.o(.text)
    .text                                    0x08002f10   Section        0  system_stm32f10x.o(.text)
    SetSysClockTo72                          0x08002f11   Thumb Code   214  system_stm32f10x.o(.text)
    SetSysClock                              0x08002fe7   Thumb Code     8  system_stm32f10x.o(.text)
    .text                                    0x080030f0   Section        0  fadd.o(.text)
    .text                                    0x080031a0   Section        0  dadd.o(.text)
    .text                                    0x080032ee   Section        0  dmul.o(.text)
    .text                                    0x080033d2   Section        0  ffltui.o(.text)
    .text                                    0x080033dc   Section        0  dflti.o(.text)
    .text                                    0x080033fe   Section        0  f2d.o(.text)
    .text                                    0x08003424   Section        0  d2f.o(.text)
    .text                                    0x0800345c   Section       20  cfcmple.o(.text)
    .text                                    0x08003470   Section       20  cfrcmple.o(.text)
    .text                                    0x08003484   Section        0  llshl.o(.text)
    .text                                    0x080034a2   Section        0  llsshr.o(.text)
    .text                                    0x080034c6   Section        0  iusefp.o(.text)
    .text                                    0x080034c6   Section        0  fepilogue.o(.text)
    .text                                    0x08003534   Section        0  depilogue.o(.text)
    .text                                    0x080035f0   Section       36  init.o(.text)
    .text                                    0x08003614   Section        0  llushr.o(.text)
    .text                                    0x08003634   Section        0  __dclz77c.o(.text)
    i.__scatterload_copy                     0x08003692   Section       14  handlers.o(i.__scatterload_copy)
    i.__scatterload_null                     0x080036a0   Section        2  handlers.o(i.__scatterload_null)
    i.__scatterload_zeroinit                 0x080036a2   Section       14  handlers.o(i.__scatterload_zeroinit)
    .data                                    0x20000000   Section      952  main.o(.data)
    .data                                    0x200003b8   Section        4  timer.o(.data)
    .data                                    0x200003bc   Section       20  stm32f10x_rcc.o(.data)
    APBAHBPrescTable                         0x200003bc   Data          16  stm32f10x_rcc.o(.data)
    ADCPrescTable                            0x200003cc   Data           4  stm32f10x_rcc.o(.data)
    .data                                    0x200003d0   Section       20  system_stm32f10x.o(.data)
    .bss                                     0x200003e4   Section       40  main.o(.bss)
    STACK                                    0x20000410   Section     1024  startup_stm32f10x_hd.o(STACK)

    Global Symbols

    Symbol Name                              Value     Ov Type        Size  Object(Section)

    BuildAttributes$$THM_ISAv4$P$D$K$B$S$PE$A:L22UL41UL21$X:L11$S22US41US21$IEEE1$IW$USESV6$~STKCKD$USESV7$~SHL$OTIME$ROPI$EBA8$MICROLIB$REQ8$PRES8$EABIv2 0x00000000   Number         0  anon$$obj.o ABSOLUTE
    __ARM_use_no_argv                        0x00000000   Number         0  main.o ABSOLUTE
    __cpp_initialize__aeabi_                  - Undefined Weak Reference
    __cxa_finalize                            - Undefined Weak Reference
    _clock_init                               - Undefined Weak Reference
    _microlib_exit                            - Undefined Weak Reference
    __Vectors_Size                           0x00000130   Number         0  startup_stm32f10x_hd.o ABSOLUTE
    __Vectors                                0x08000000   Data           4  startup_stm32f10x_hd.o(RESET)
    __Vectors_End                            0x08000130   Data           0  startup_stm32f10x_hd.o(RESET)
    __main                                   0x08000131   Thumb Code     0  entry.o(.ARM.Collect$$$$00000000)
    _main_stk                                0x08000131   Thumb Code     0  entry2.o(.ARM.Collect$$$$00000001)
    _main_scatterload                        0x08000135   Thumb Code     0  entry5.o(.ARM.Collect$$$$00000004)
    __main_after_scatterload                 0x08000139   Thumb Code     0  entry5.o(.ARM.Collect$$$$00000004)
    _main_clock                              0x08000139   Thumb Code     0  entry7b.o(.ARM.Collect$$$$00000008)
    _main_cpp_init                           0x08000139   Thumb Code     0  entry8b.o(.ARM.Collect$$$$0000000A)
    _main_init                               0x08000139   Thumb Code     0  entry9a.o(.ARM.Collect$$$$0000000B)
    __rt_final_cpp                           0x08000141   Thumb Code     0  entry10a.o(.ARM.Collect$$$$0000000D)
    __rt_final_exit                          0x08000141   Thumb Code     0  entry11a.o(.ARM.Collect$$$$0000000F)
    Reset_Handler                            0x08000145   Thumb Code     8  startup_stm32f10x_hd.o(.text)
    ADC1_2_IRQHandler                        0x0800015f   Thumb Code     0  startup_stm32f10x_hd.o(.text)
    ADC3_IRQHandler                          0x0800015f   Thumb Code     0  startup_stm32f10x_hd.o(.text)
    CAN1_RX1_IRQHandler                      0x0800015f   Thumb Code     0  startup_stm32f10x_hd.o(.text)
    CAN1_SCE_IRQHandler                      0x0800015f   Thumb Code     0  startup_stm32f10x_hd.o(.text)
    DMA1_Channel1_IRQHandler                 0x0800015f   Thumb Code     0  startup_stm32f10x_hd.o(.text)
    DMA1_Channel2_IRQHandler                 0x0800015f   Thumb Code     0  startup_stm32f10x_hd.o(.text)
    DMA1_Channel3_IRQHandler                 0x0800015f   Thumb Code     0  startup_stm32f10x_hd.o(.text)
    DMA1_Channel4_IRQHandler                 0x0800015f   Thumb Code     0  startup_stm32f10x_hd.o(.text)
    DMA1_Channel5_IRQHandler                 0x0800015f   Thumb Code     0  startup_stm32f10x_hd.o(.text)
    DMA1_Channel6_IRQHandler                 0x0800015f   Thumb Code     0  startup_stm32f10x_hd.o(.text)
    DMA1_Channel7_IRQHandler                 0x0800015f   Thumb Code     0  startup_stm32f10x_hd.o(.text)
    DMA2_Channel1_IRQHandler                 0x0800015f   Thumb Code     0  startup_stm32f10x_hd.o(.text)
    DMA2_Channel2_IRQHandler                 0x0800015f   Thumb Code     0  startup_stm32f10x_hd.o(.text)
    DMA2_Channel3_IRQHandler                 0x0800015f   Thumb Code     0  startup_stm32f10x_hd.o(.text)
    DMA2_Channel4_5_IRQHandler               0x0800015f   Thumb Code     0  startup_stm32f10x_hd.o(.text)
    EXTI0_IRQHandler                         0x0800015f   Thumb Code     0  startup_stm32f10x_hd.o(.text)
    EXTI15_10_IRQHandler                     0x0800015f   Thumb Code     0  startup_stm32f10x_hd.o(.text)
    EXTI1_IRQHandler                         0x0800015f   Thumb Code     0  startup_stm32f10x_hd.o(.text)
    EXTI2_IRQHandler                         0x0800015f   Thumb Code     0  startup_stm32f10x_hd.o(.text)
    EXTI3_IRQHandler                         0x0800015f   Thumb Code     0  startup_stm32f10x_hd.o(.text)
    EXTI4_IRQHandler                         0x0800015f   Thumb Code     0  startup_stm32f10x_hd.o(.text)
    EXTI9_5_IRQHandler                       0x0800015f   Thumb Code     0  startup_stm32f10x_hd.o(.text)
    FLASH_IRQHandler                         0x0800015f   Thumb Code     0  startup_stm32f10x_hd.o(.text)
    FSMC_IRQHandler                          0x0800015f   Thumb Code     0  startup_stm32f10x_hd.o(.text)
    I2C1_ER_IRQHandler                       0x0800015f   Thumb Code     0  startup_stm32f10x_hd.o(.text)
    I2C1_EV_IRQHandler                       0x0800015f   Thumb Code     0  startup_stm32f10x_hd.o(.text)
    I2C2_ER_IRQHandler                       0x0800015f   Thumb Code     0  startup_stm32f10x_hd.o(.text)
    I2C2_EV_IRQHandler                       0x0800015f   Thumb Code     0  startup_stm32f10x_hd.o(.text)
    PVD_IRQHandler                           0x0800015f   Thumb Code     0  startup_stm32f10x_hd.o(.text)
    RCC_IRQHandler                           0x0800015f   Thumb Code     0  startup_stm32f10x_hd.o(.text)
    RTCAlarm_IRQHandler                      0x0800015f   Thumb Code     0  startup_stm32f10x_hd.o(.text)
    RTC_IRQHandler                           0x0800015f   Thumb Code     0  startup_stm32f10x_hd.o(.text)
    SDIO_IRQHandler                          0x0800015f   Thumb Code     0  startup_stm32f10x_hd.o(.text)
    SPI1_IRQHandler                          0x0800015f   Thumb Code     0  startup_stm32f10x_hd.o(.text)
    SPI2_IRQHandler                          0x0800015f   Thumb Code     0  startup_stm32f10x_hd.o(.text)
    SPI3_IRQHandler                          0x0800015f   Thumb Code     0  startup_stm32f10x_hd.o(.text)
    TAMPER_IRQHandler                        0x0800015f   Thumb Code     0  startup_stm32f10x_hd.o(.text)
    TIM1_BRK_IRQHandler                      0x0800015f   Thumb Code     0  startup_stm32f10x_hd.o(.text)
    TIM1_CC_IRQHandler                       0x0800015f   Thumb Code     0  startup_stm32f10x_hd.o(.text)
    TIM1_TRG_COM_IRQHandler                  0x0800015f   Thumb Code     0  startup_stm32f10x_hd.o(.text)
    TIM2_IRQHandler                          0x0800015f   Thumb Code     0  startup_stm32f10x_hd.o(.text)
    TIM5_IRQHandler                          0x0800015f   Thumb Code     0  startup_stm32f10x_hd.o(.text)
    TIM6_IRQHandler                          0x0800015f   Thumb Code     0  startup_stm32f10x_hd.o(.text)
    TIM7_IRQHandler                          0x0800015f   Thumb Code     0  startup_stm32f10x_hd.o(.text)
    TIM8_BRK_IRQHandler                      0x0800015f   Thumb Code     0  startup_stm32f10x_hd.o(.text)
    TIM8_CC_IRQHandler                       0x0800015f   Thumb Code     0  startup_stm32f10x_hd.o(.text)
    TIM8_TRG_COM_IRQHandler                  0x0800015f   Thumb Code     0  startup_stm32f10x_hd.o(.text)
    TIM8_UP_IRQHandler                       0x0800015f   Thumb Code     0  startup_stm32f10x_hd.o(.text)
    UART4_IRQHandler                         0x0800015f   Thumb Code     0  startup_stm32f10x_hd.o(.text)
    UART5_IRQHandler                         0x0800015f   Thumb Code     0  startup_stm32f10x_hd.o(.text)
    USART2_IRQHandler                        0x0800015f   Thumb Code     0  startup_stm32f10x_hd.o(.text)
    USART3_IRQHandler                        0x0800015f   Thumb Code     0  startup_stm32f10x_hd.o(.text)
    USBWakeUp_IRQHandler                     0x0800015f   Thumb Code     0  startup_stm32f10x_hd.o(.text)
    USB_HP_CAN1_TX_IRQHandler                0x0800015f   Thumb Code     0  startup_stm32f10x_hd.o(.text)
    WWDG_IRQHandler                          0x0800015f   Thumb Code     0  startup_stm32f10x_hd.o(.text)
    Delay_Ms                                 0x08000169   Thumb Code    30  main.o(.text)
    SpeedUp                                  0x08000187   Thumb Code   242  main.o(.text)
    ActPosition                              0x08000279   Thumb Code    78  main.o(.text)
    main                                     0x080002c7   Thumb Code  1102  main.o(.text)
    SendSpeed                                0x08000715   Thumb Code    28  main.o(.text)
    SpeedDown                                0x08000731   Thumb Code   114  main.o(.text)
    NMI_Handler                              0x080007d9   Thumb Code     2  stm32f10x_it.o(.text)
    TIM3_IRQHandler                          0x080007db   Thumb Code   106  stm32f10x_it.o(.text)
    TIM4_IRQHandler                          0x08000845   Thumb Code    18  stm32f10x_it.o(.text)
    TIM1_UP_IRQHandler                       0x08000857   Thumb Code    18  stm32f10x_it.o(.text)
    HardFault_Handler                        0x08000869   Thumb Code     4  stm32f10x_it.o(.text)
    MemManage_Handler                        0x0800086d   Thumb Code     4  stm32f10x_it.o(.text)
    USB_LP_CAN1_RX0_IRQHandler               0x08000871   Thumb Code    38  stm32f10x_it.o(.text)
    BusFault_Handler                         0x08000897   Thumb Code     4  stm32f10x_it.o(.text)
    UsageFault_Handler                       0x0800089b   Thumb Code     4  stm32f10x_it.o(.text)
    SVC_Handler                              0x0800089f   Thumb Code     2  stm32f10x_it.o(.text)
    DebugMon_Handler                         0x080008a1   Thumb Code     2  stm32f10x_it.o(.text)
    PendSV_Handler                           0x080008a3   Thumb Code     2  stm32f10x_it.o(.text)
    SysTick_Handler                          0x080008a5   Thumb Code    18  stm32f10x_it.o(.text)
    USART1_IRQHandler                        0x080008b7   Thumb Code     2  stm32f10x_it.o(.text)
    TIM2_GPIO_Config                         0x080008d9   Thumb Code    80  motor.o(.text)
    Motor1_control                           0x08000929   Thumb Code   128  motor.o(.text)
    TIM4_GPIO_Config                         0x080009a9   Thumb Code    82  motor.o(.text)
    Motor2_control                           0x080009fb   Thumb Code   126  motor.o(.text)
    LED_CONF                                 0x08000a79   Thumb Code    50  motor.o(.text)
    CAN_Config                               0x08000bcb   Thumb Code    20  can.o(.text)
    CAN_SetMsg                               0x08000bdf   Thumb Code    36  can.o(.text)
    TIM3_Mode_Config                         0x08000c11   Thumb Code   198  encode.o(.text)
    TIM4_Mode_Config                         0x08000cd7   Thumb Code   198  encode.o(.text)
    TIM1_Mode_Config                         0x08000d9d   Thumb Code   200  encode.o(.text)
    TIM3_Init                                0x08000e65   Thumb Code    12  encode.o(.text)
    SysTick_Init                             0x08000e85   Thumb Code   106  timer.o(.text)
    Dealy_us                                 0x08000eef   Thumb Code    36  timer.o(.text)
    NVIC_PriorityGroupConfig                 0x08000f29   Thumb Code    10  misc.o(.text)
    NVIC_Init                                0x08000f33   Thumb Code   100  misc.o(.text)
    NVIC_SetVectorTable                      0x08000f97   Thumb Code    14  misc.o(.text)
    NVIC_SystemLPConfig                      0x08000fa5   Thumb Code    34  misc.o(.text)
    SysTick_CLKSourceConfig                  0x08000fc7   Thumb Code    40  misc.o(.text)
    CAN_DeInit                               0x08001005   Thumb Code    50  stm32f10x_can.o(.text)
    CAN_Init                                 0x08001037   Thumb Code   276  stm32f10x_can.o(.text)
    CAN_FilterInit                           0x0800114b   Thumb Code   258  stm32f10x_can.o(.text)
    CAN_StructInit                           0x0800124d   Thumb Code    32  stm32f10x_can.o(.text)
    CAN_SlaveStartBank                       0x0800126d   Thumb Code    48  stm32f10x_can.o(.text)
    CAN_DBGFreeze                            0x0800129d   Thumb Code    22  stm32f10x_can.o(.text)
    CAN_TTComModeCmd                         0x080012b3   Thumb Code   118  stm32f10x_can.o(.text)
    CAN_Transmit                             0x08001329   Thumb Code   304  stm32f10x_can.o(.text)
    CAN_TransmitStatus                       0x08001459   Thumb Code   138  stm32f10x_can.o(.text)
    CAN_CancelTransmit                       0x080014e3   Thumb Code    48  stm32f10x_can.o(.text)
    CAN_Receive                              0x08001513   Thumb Code   240  stm32f10x_can.o(.text)
    CAN_FIFORelease                          0x08001603   Thumb Code    22  stm32f10x_can.o(.text)
    CAN_MessagePending                       0x08001619   Thumb Code    30  stm32f10x_can.o(.text)
    CAN_OperatingModeRequest                 0x08001637   Thumb Code   162  stm32f10x_can.o(.text)
    CAN_Sleep                                0x080016d9   Thumb Code    30  stm32f10x_can.o(.text)
    CAN_WakeUp                               0x080016f7   Thumb Code    48  stm32f10x_can.o(.text)
    CAN_GetLastErrorCode                     0x08001727   Thumb Code    12  stm32f10x_can.o(.text)
    CAN_GetReceiveErrorCounter               0x08001733   Thumb Code    10  stm32f10x_can.o(.text)
    CAN_GetLSBTransmitErrorCounter           0x0800173d   Thumb Code    12  stm32f10x_can.o(.text)
    CAN_ITConfig                             0x08001749   Thumb Code    18  stm32f10x_can.o(.text)
    CAN_GetFlagStatus                        0x0800175b   Thumb Code   120  stm32f10x_can.o(.text)
    CAN_ClearFlag                            0x080017d3   Thumb Code    52  stm32f10x_can.o(.text)
    CAN_GetITStatus                          0x08001819   Thumb Code   310  stm32f10x_can.o(.text)
    CAN_ClearITPendingBit                    0x0800194f   Thumb Code   162  stm32f10x_can.o(.text)
    GPIO_DeInit                              0x080019f5   Thumb Code   172  stm32f10x_gpio.o(.text)
    GPIO_AFIODeInit                          0x08001aa1   Thumb Code    20  stm32f10x_gpio.o(.text)
    GPIO_Init                                0x08001ab5   Thumb Code   278  stm32f10x_gpio.o(.text)
    GPIO_StructInit                          0x08001bcb   Thumb Code    16  stm32f10x_gpio.o(.text)
    GPIO_ReadInputDataBit                    0x08001bdb   Thumb Code    18  stm32f10x_gpio.o(.text)
    GPIO_ReadInputData                       0x08001bed   Thumb Code     8  stm32f10x_gpio.o(.text)
    GPIO_ReadOutputDataBit                   0x08001bf5   Thumb Code    18  stm32f10x_gpio.o(.text)
    GPIO_ReadOutputData                      0x08001c07   Thumb Code     8  stm32f10x_gpio.o(.text)
    GPIO_SetBits                             0x08001c0f   Thumb Code     4  stm32f10x_gpio.o(.text)
    GPIO_ResetBits                           0x08001c13   Thumb Code     4  stm32f10x_gpio.o(.text)
    GPIO_WriteBit                            0x08001c17   Thumb Code    10  stm32f10x_gpio.o(.text)
    GPIO_Write                               0x08001c21   Thumb Code     4  stm32f10x_gpio.o(.text)
    GPIO_PinLockConfig                       0x08001c25   Thumb Code    18  stm32f10x_gpio.o(.text)
    GPIO_EventOutputConfig                   0x08001c37   Thumb Code    26  stm32f10x_gpio.o(.text)
    GPIO_EventOutputCmd                      0x08001c51   Thumb Code     6  stm32f10x_gpio.o(.text)
    GPIO_PinRemapConfig                      0x08001c57   Thumb Code   138  stm32f10x_gpio.o(.text)
    GPIO_EXTILineConfig                      0x08001ce1   Thumb Code    66  stm32f10x_gpio.o(.text)
    GPIO_ETH_MediaInterfaceConfig            0x08001d23   Thumb Code     8  stm32f10x_gpio.o(.text)
    RCC_DeInit                               0x08001d51   Thumb Code    64  stm32f10x_rcc.o(.text)
    RCC_HSEConfig                            0x08001d91   Thumb Code    70  stm32f10x_rcc.o(.text)
    RCC_GetFlagStatus                        0x08001dd7   Thumb Code    56  stm32f10x_rcc.o(.text)
    RCC_WaitForHSEStartUp                    0x08001e0f   Thumb Code    56  stm32f10x_rcc.o(.text)
    RCC_AdjustHSICalibrationValue            0x08001e47   Thumb Code    20  stm32f10x_rcc.o(.text)
    RCC_HSICmd                               0x08001e5b   Thumb Code     6  stm32f10x_rcc.o(.text)
    RCC_PLLConfig                            0x08001e61   Thumb Code    24  stm32f10x_rcc.o(.text)
    RCC_PLLCmd                               0x08001e79   Thumb Code     6  stm32f10x_rcc.o(.text)
    RCC_SYSCLKConfig                         0x08001e7f   Thumb Code    18  stm32f10x_rcc.o(.text)
    RCC_GetSYSCLKSource                      0x08001e91   Thumb Code    10  stm32f10x_rcc.o(.text)
    RCC_HCLKConfig                           0x08001e9b   Thumb Code    18  stm32f10x_rcc.o(.text)
    RCC_PCLK1Config                          0x08001ead   Thumb Code    18  stm32f10x_rcc.o(.text)
    RCC_PCLK2Config                          0x08001ebf   Thumb Code    20  stm32f10x_rcc.o(.text)
    RCC_ITConfig                             0x08001ed3   Thumb Code    26  stm32f10x_rcc.o(.text)
    RCC_USBCLKConfig                         0x08001eed   Thumb Code     8  stm32f10x_rcc.o(.text)
    RCC_ADCCLKConfig                         0x08001ef5   Thumb Code    18  stm32f10x_rcc.o(.text)
    RCC_LSEConfig                            0x08001f07   Thumb Code    50  stm32f10x_rcc.o(.text)
    RCC_LSICmd                               0x08001f39   Thumb Code     6  stm32f10x_rcc.o(.text)
    RCC_RTCCLKConfig                         0x08001f3f   Thumb Code    12  stm32f10x_rcc.o(.text)
    RCC_RTCCLKCmd                            0x08001f4b   Thumb Code     8  stm32f10x_rcc.o(.text)
    RCC_GetClocksFreq                        0x08001f53   Thumb Code   192  stm32f10x_rcc.o(.text)
    RCC_AHBPeriphClockCmd                    0x08002013   Thumb Code    26  stm32f10x_rcc.o(.text)
    RCC_APB2PeriphClockCmd                   0x0800202d   Thumb Code    26  stm32f10x_rcc.o(.text)
    RCC_APB1PeriphClockCmd                   0x08002047   Thumb Code    26  stm32f10x_rcc.o(.text)
    RCC_APB2PeriphResetCmd                   0x08002061   Thumb Code    26  stm32f10x_rcc.o(.text)
    RCC_APB1PeriphResetCmd                   0x0800207b   Thumb Code    26  stm32f10x_rcc.o(.text)
    RCC_BackupResetCmd                       0x08002095   Thumb Code     8  stm32f10x_rcc.o(.text)
    RCC_ClockSecuritySystemCmd               0x0800209d   Thumb Code     6  stm32f10x_rcc.o(.text)
    RCC_MCOConfig                            0x080020a3   Thumb Code     6  stm32f10x_rcc.o(.text)
    RCC_ClearFlag                            0x080020a9   Thumb Code    14  stm32f10x_rcc.o(.text)
    RCC_GetITStatus                          0x080020b7   Thumb Code    20  stm32f10x_rcc.o(.text)
    RCC_ClearITPendingBit                    0x080020cb   Thumb Code     6  stm32f10x_rcc.o(.text)
    TIM_DeInit                               0x080020f5   Thumb Code   424  stm32f10x_tim.o(.text)
    TIM_TimeBaseInit                         0x0800229d   Thumb Code   122  stm32f10x_tim.o(.text)
    TIM_OC1Init                              0x08002317   Thumb Code   132  stm32f10x_tim.o(.text)
    TIM_OC2Init                              0x0800239b   Thumb Code   154  stm32f10x_tim.o(.text)
    TIM_OC3Init                              0x08002435   Thumb Code   150  stm32f10x_tim.o(.text)
    TIM_OC4Init                              0x080024cb   Thumb Code   182  stm32f10x_tim.o(.text)
    TIM_SetIC4Prescaler                      0x08002581   Thumb Code    26  stm32f10x_tim.o(.text)
    TIM_SetIC3Prescaler                      0x0800261d   Thumb Code    18  stm32f10x_tim.o(.text)
    TIM_SetIC2Prescaler                      0x080026a9   Thumb Code    26  stm32f10x_tim.o(.text)
    TIM_SetIC1Prescaler                      0x08002745   Thumb Code    18  stm32f10x_tim.o(.text)
    TIM_ICInit                               0x080027c3   Thumb Code   150  stm32f10x_tim.o(.text)
    TIM_PWMIConfig                           0x08002859   Thumb Code   124  stm32f10x_tim.o(.text)
    TIM_BDTRConfig                           0x080028d5   Thumb Code    32  stm32f10x_tim.o(.text)
    TIM_TimeBaseStructInit                   0x080028f5   Thumb Code    18  stm32f10x_tim.o(.text)
    TIM_OCStructInit                         0x08002907   Thumb Code    20  stm32f10x_tim.o(.text)
    TIM_ICStructInit                         0x0800291b   Thumb Code    18  stm32f10x_tim.o(.text)
    TIM_BDTRStructInit                       0x0800292d   Thumb Code    40  stm32f10x_tim.o(.text)
    TIM_Cmd                                  0x08002955   Thumb Code    24  stm32f10x_tim.o(.text)
    TIM_CtrlPWMOutputs                       0x0800296d   Thumb Code    30  stm32f10x_tim.o(.text)
    TIM_ITConfig                             0x0800298b   Thumb Code    18  stm32f10x_tim.o(.text)
    TIM_GenerateEvent                        0x0800299d   Thumb Code     4  stm32f10x_tim.o(.text)
    TIM_DMAConfig                            0x080029a1   Thumb Code    10  stm32f10x_tim.o(.text)
    TIM_DMACmd                               0x080029ab   Thumb Code    18  stm32f10x_tim.o(.text)
    TIM_InternalClockConfig                  0x080029bd   Thumb Code    12  stm32f10x_tim.o(.text)
    TIM_SelectInputTrigger                   0x080029c9   Thumb Code    18  stm32f10x_tim.o(.text)
    TIM_ITRxExternalClockConfig              0x080029db   Thumb Code    24  stm32f10x_tim.o(.text)
    TIM_TIxExternalClockConfig               0x080029f3   Thumb Code    62  stm32f10x_tim.o(.text)
    TIM_ETRConfig                            0x08002a31   Thumb Code    28  stm32f10x_tim.o(.text)
    TIM_ETRClockMode1Config                  0x08002a4d   Thumb Code    54  stm32f10x_tim.o(.text)
    TIM_ETRClockMode2Config                  0x08002a83   Thumb Code    32  stm32f10x_tim.o(.text)
    TIM_PrescalerConfig                      0x08002aa3   Thumb Code     6  stm32f10x_tim.o(.text)
    TIM_CounterModeConfig                    0x08002aa9   Thumb Code    18  stm32f10x_tim.o(.text)
    TIM_EncoderInterfaceConfig               0x08002abb   Thumb Code    66  stm32f10x_tim.o(.text)
    TIM_ForcedOC1Config                      0x08002afd   Thumb Code    18  stm32f10x_tim.o(.text)
    TIM_ForcedOC2Config                      0x08002b0f   Thumb Code    26  stm32f10x_tim.o(.text)
    TIM_ForcedOC3Config                      0x08002b29   Thumb Code    18  stm32f10x_tim.o(.text)
    TIM_ForcedOC4Config                      0x08002b3b   Thumb Code    26  stm32f10x_tim.o(.text)
    TIM_ARRPreloadConfig                     0x08002b55   Thumb Code    24  stm32f10x_tim.o(.text)
    TIM_SelectCOM                            0x08002b6d   Thumb Code    24  stm32f10x_tim.o(.text)
    TIM_SelectCCDMA                          0x08002b85   Thumb Code    24  stm32f10x_tim.o(.text)
    TIM_CCPreloadControl                     0x08002b9d   Thumb Code    24  stm32f10x_tim.o(.text)
    TIM_OC1PreloadConfig                     0x08002bb5   Thumb Code    18  stm32f10x_tim.o(.text)
    TIM_OC2PreloadConfig                     0x08002bc7   Thumb Code    26  stm32f10x_tim.o(.text)
    TIM_OC3PreloadConfig                     0x08002be1   Thumb Code    18  stm32f10x_tim.o(.text)
    TIM_OC4PreloadConfig                     0x08002bf3   Thumb Code    26  stm32f10x_tim.o(.text)
    TIM_OC1FastConfig                        0x08002c0d   Thumb Code    18  stm32f10x_tim.o(.text)
    TIM_OC2FastConfig                        0x08002c1f   Thumb Code    26  stm32f10x_tim.o(.text)
    TIM_OC3FastConfig                        0x08002c39   Thumb Code    18  stm32f10x_tim.o(.text)
    TIM_OC4FastConfig                        0x08002c4b   Thumb Code    26  stm32f10x_tim.o(.text)
    TIM_ClearOC1Ref                          0x08002c65   Thumb Code    18  stm32f10x_tim.o(.text)
    TIM_ClearOC2Ref                          0x08002c77   Thumb Code    24  stm32f10x_tim.o(.text)
    TIM_ClearOC3Ref                          0x08002c8f   Thumb Code    18  stm32f10x_tim.o(.text)
    TIM_ClearOC4Ref                          0x08002ca1   Thumb Code    24  stm32f10x_tim.o(.text)
    TIM_OC1PolarityConfig                    0x08002cb9   Thumb Code    18  stm32f10x_tim.o(.text)
    TIM_OC1NPolarityConfig                   0x08002ccb   Thumb Code    18  stm32f10x_tim.o(.text)
    TIM_OC2PolarityConfig                    0x08002cdd   Thumb Code    26  stm32f10x_tim.o(.text)
    TIM_OC2NPolarityConfig                   0x08002cf7   Thumb Code    26  stm32f10x_tim.o(.text)
    TIM_OC3PolarityConfig                    0x08002d11   Thumb Code    26  stm32f10x_tim.o(.text)
    TIM_OC3NPolarityConfig                   0x08002d2b   Thumb Code    26  stm32f10x_tim.o(.text)
    TIM_OC4PolarityConfig                    0x08002d45   Thumb Code    26  stm32f10x_tim.o(.text)
    TIM_CCxCmd                               0x08002d5f   Thumb Code    30  stm32f10x_tim.o(.text)
    TIM_CCxNCmd                              0x08002d7d   Thumb Code    30  stm32f10x_tim.o(.text)
    TIM_SelectOCxM                           0x08002d9b   Thumb Code    82  stm32f10x_tim.o(.text)
    TIM_UpdateDisableConfig                  0x08002ded   Thumb Code    24  stm32f10x_tim.o(.text)
    TIM_UpdateRequestConfig                  0x08002e05   Thumb Code    24  stm32f10x_tim.o(.text)
    TIM_SelectHallSensor                     0x08002e1d   Thumb Code    24  stm32f10x_tim.o(.text)
    TIM_SelectOnePulseMode                   0x08002e35   Thumb Code    18  stm32f10x_tim.o(.text)
    TIM_SelectOutputTrigger                  0x08002e47   Thumb Code    18  stm32f10x_tim.o(.text)
    TIM_SelectSlaveMode                      0x08002e59   Thumb Code    18  stm32f10x_tim.o(.text)
    TIM_SelectMasterSlaveMode                0x08002e6b   Thumb Code    18  stm32f10x_tim.o(.text)
    TIM_SetCounter                           0x08002e7d   Thumb Code     4  stm32f10x_tim.o(.text)
    TIM_SetAutoreload                        0x08002e81   Thumb Code     4  stm32f10x_tim.o(.text)
    TIM_SetCompare1                          0x08002e85   Thumb Code     4  stm32f10x_tim.o(.text)
    TIM_SetCompare2                          0x08002e89   Thumb Code     4  stm32f10x_tim.o(.text)
    TIM_SetCompare3                          0x08002e8d   Thumb Code     4  stm32f10x_tim.o(.text)
    TIM_SetCompare4                          0x08002e91   Thumb Code     6  stm32f10x_tim.o(.text)
    TIM_SetClockDivision                     0x08002e97   Thumb Code    18  stm32f10x_tim.o(.text)
    TIM_GetCapture1                          0x08002ea9   Thumb Code     6  stm32f10x_tim.o(.text)
    TIM_GetCapture2                          0x08002eaf   Thumb Code     6  stm32f10x_tim.o(.text)
    TIM_GetCapture3                          0x08002eb5   Thumb Code     6  stm32f10x_tim.o(.text)
    TIM_GetCapture4                          0x08002ebb   Thumb Code     8  stm32f10x_tim.o(.text)
    TIM_GetCounter                           0x08002ec3   Thumb Code     6  stm32f10x_tim.o(.text)
    TIM_GetPrescaler                         0x08002ec9   Thumb Code     6  stm32f10x_tim.o(.text)
    TIM_GetFlagStatus                        0x08002ecf   Thumb Code    18  stm32f10x_tim.o(.text)
    TIM_ClearFlag                            0x08002ee1   Thumb Code     6  stm32f10x_tim.o(.text)
    TIM_GetITStatus                          0x08002ee7   Thumb Code    34  stm32f10x_tim.o(.text)
    TIM_ClearITPendingBit                    0x08002f09   Thumb Code     6  stm32f10x_tim.o(.text)
    SystemInit                               0x08002fef   Thumb Code    78  system_stm32f10x.o(.text)
    SystemCoreClockUpdate                    0x0800303d   Thumb Code   142  system_stm32f10x.o(.text)
    __aeabi_fadd                             0x080030f1   Thumb Code   164  fadd.o(.text)
    __aeabi_fsub                             0x08003195   Thumb Code     6  fadd.o(.text)
    __aeabi_frsub                            0x0800319b   Thumb Code     6  fadd.o(.text)
    __aeabi_dadd                             0x080031a1   Thumb Code   322  dadd.o(.text)
    __aeabi_dsub                             0x080032e3   Thumb Code     6  dadd.o(.text)
    __aeabi_drsub                            0x080032e9   Thumb Code     6  dadd.o(.text)
    __aeabi_dmul                             0x080032ef   Thumb Code   228  dmul.o(.text)
    __aeabi_ui2f                             0x080033d3   Thumb Code    10  ffltui.o(.text)
    __aeabi_i2d                              0x080033dd   Thumb Code    34  dflti.o(.text)
    __aeabi_f2d                              0x080033ff   Thumb Code    38  f2d.o(.text)
    __aeabi_d2f                              0x08003425   Thumb Code    56  d2f.o(.text)
    __aeabi_cfcmpeq                          0x0800345d   Thumb Code     0  cfcmple.o(.text)
    __aeabi_cfcmple                          0x0800345d   Thumb Code    20  cfcmple.o(.text)
    __aeabi_cfrcmple                         0x08003471   Thumb Code    20  cfrcmple.o(.text)
    __aeabi_llsl                             0x08003485   Thumb Code    30  llshl.o(.text)
    _ll_shift_l                              0x08003485   Thumb Code     0  llshl.o(.text)
    __aeabi_lasr                             0x080034a3   Thumb Code    36  llsshr.o(.text)
    _ll_sshift_r                             0x080034a3   Thumb Code     0  llsshr.o(.text)
    __I$use$fp                               0x080034c7   Thumb Code     0  iusefp.o(.text)
    _float_round                             0x080034c7   Thumb Code    18  fepilogue.o(.text)
    _float_epilogue                          0x080034d9   Thumb Code    92  fepilogue.o(.text)
    _double_round                            0x08003535   Thumb Code    30  depilogue.o(.text)
    _double_epilogue                         0x08003553   Thumb Code   156  depilogue.o(.text)
    __scatterload                            0x080035f1   Thumb Code    28  init.o(.text)
    __scatterload_rt2                        0x080035f1   Thumb Code     0  init.o(.text)
    __aeabi_llsr                             0x08003615   Thumb Code    32  llushr.o(.text)
    _ll_ushift_r                             0x08003615   Thumb Code     0  llushr.o(.text)
    __decompress                             0x08003635   Thumb Code     0  __dclz77c.o(.text)
    __decompress2                            0x08003635   Thumb Code    94  __dclz77c.o(.text)
    __scatterload_copy                       0x08003693   Thumb Code    14  handlers.o(i.__scatterload_copy)
    __scatterload_null                       0x080036a1   Thumb Code     2  handlers.o(i.__scatterload_null)
    __scatterload_zeroinit                   0x080036a3   Thumb Code    14  handlers.o(i.__scatterload_zeroinit)
    Region$$Table$$Base                      0x080036b0   Number         0  anon$$obj.o(Region$$Table)
    Region$$Table$$Limit                     0x080036d0   Number         0  anon$$obj.o(Region$$Table)
    flag                                     0x20000000   Data           4  main.o(.data)
    count                                    0x20000004   Data           2  main.o(.data)
    count1                                   0x20000006   Data           2  main.o(.data)
    speed                                    0x20000008   Data           2  main.o(.data)
    avgspeed                                 0x2000000a   Data           2  main.o(.data)
    distance                                 0x2000000c   Data           2  main.o(.data)
    acdis                                    0x20000010   Data           4  main.o(.data)
    calcycle                                 0x20000014   Data           4  main.o(.data)
    cycle                                    0x20000018   Data           4  main.o(.data)
    speedflag                                0x2000001c   Data           1  main.o(.data)
    ifMaxSpeed                               0x2000001d   Data           1  main.o(.data)
    dirtflag                                 0x2000001e   Data           2  main.o(.data)
    SpeedArr                                 0x20000020   Data         520  main.o(.data)
    SpeedArrBe                               0x20000228   Data         400  main.o(.data)
    TimingDelay                              0x200003b8   Data           4  timer.o(.data)
    SystemCoreClock                          0x200003d0   Data           4  system_stm32f10x.o(.data)
    AHBPrescTable                            0x200003d4   Data          16  system_stm32f10x.o(.data)
    TxMessage                                0x200003e4   Data          20  main.o(.bss)
    RxMessage                                0x200003f8   Data          20  main.o(.bss)
    __initial_sp                             0x20000810   Data           0  startup_stm32f10x_hd.o(STACK)



==============================================================================

Memory Map of the image

  Image Entry point : 0x08000131

  Load Region LR_IROM1 (Base: 0x08000000, Size: 0x00003ab4, Max: 0x00080000, ABSOLUTE, COMPRESSED[0x00003854])

    Execution Region ER_IROM1 (Base: 0x08000000, Size: 0x000036d0, Max: 0x00080000, ABSOLUTE)

    Base Addr    Size         Type   Attr      Idx    E Section Name        Object

    0x08000000   0x00000130   Data   RO            3    RESET               startup_stm32f10x_hd.o
    0x08000130   0x00000000   Code   RO          383  * .ARM.Collect$$$$00000000  mc_w.l(entry.o)
    0x08000130   0x00000004   Code   RO          404    .ARM.Collect$$$$00000001  mc_w.l(entry2.o)
    0x08000134   0x00000004   Code   RO          407    .ARM.Collect$$$$00000004  mc_w.l(entry5.o)
    0x08000138   0x00000000   Code   RO          409    .ARM.Collect$$$$00000008  mc_w.l(entry7b.o)
    0x08000138   0x00000000   Code   RO          411    .ARM.Collect$$$$0000000A  mc_w.l(entry8b.o)
    0x08000138   0x00000008   Code   RO          412    .ARM.Collect$$$$0000000B  mc_w.l(entry9a.o)
    0x08000140   0x00000000   Code   RO          414    .ARM.Collect$$$$0000000D  mc_w.l(entry10a.o)
    0x08000140   0x00000000   Code   RO          416    .ARM.Collect$$$$0000000F  mc_w.l(entry11a.o)
    0x08000140   0x00000004   Code   RO          405    .ARM.Collect$$$$00002712  mc_w.l(entry2.o)
    0x08000144   0x00000024   Code   RO            4    .text               startup_stm32f10x_hd.o
    0x08000168   0x00000670   Code   RO           10    .text               main.o
    0x080007d8   0x00000100   Code   RO           90    .text               stm32f10x_it.o
    0x080008d8   0x000001e4   Code   RO          110    .text               motor.o
    0x08000abc   0x00000154   Code   RO          122    .text               can.o
    0x08000c10   0x00000274   Code   RO          157    .text               encode.o
    0x08000e84   0x000000a4   Code   RO          169    .text               timer.o
    0x08000f28   0x000000dc   Code   RO          188    .text               misc.o
    0x08001004   0x000009f0   Code   RO          215    .text               stm32f10x_can.o
    0x080019f4   0x0000035c   Code   RO          281    .text               stm32f10x_gpio.o
    0x08001d50   0x000003a4   Code   RO          305    .text               stm32f10x_rcc.o
    0x080020f4   0x00000e1a   Code   RO          331    .text               stm32f10x_tim.o
    0x08002f0e   0x00000002   PAD
    0x08002f10   0x000001e0   Code   RO          365    .text               system_stm32f10x.o
    0x080030f0   0x000000b0   Code   RO          386    .text               mf_w.l(fadd.o)
    0x080031a0   0x0000014e   Code   RO          388    .text               mf_w.l(dadd.o)
    0x080032ee   0x000000e4   Code   RO          390    .text               mf_w.l(dmul.o)
    0x080033d2   0x0000000a   Code   RO          392    .text               mf_w.l(ffltui.o)
    0x080033dc   0x00000022   Code   RO          394    .text               mf_w.l(dflti.o)
    0x080033fe   0x00000026   Code   RO          396    .text               mf_w.l(f2d.o)
    0x08003424   0x00000038   Code   RO          398    .text               mf_w.l(d2f.o)
    0x0800345c   0x00000014   Code   RO          400    .text               mf_w.l(cfcmple.o)
    0x08003470   0x00000014   Code   RO          402    .text               mf_w.l(cfrcmple.o)
    0x08003484   0x0000001e   Code   RO          418    .text               mc_w.l(llshl.o)
    0x080034a2   0x00000024   Code   RO          420    .text               mc_w.l(llsshr.o)
    0x080034c6   0x00000000   Code   RO          422    .text               mc_w.l(iusefp.o)
    0x080034c6   0x0000006e   Code   RO          423    .text               mf_w.l(fepilogue.o)
    0x08003534   0x000000ba   Code   RO          425    .text               mf_w.l(depilogue.o)
    0x080035ee   0x00000002   PAD
    0x080035f0   0x00000024   Code   RO          427    .text               mc_w.l(init.o)
    0x08003614   0x00000020   Code   RO          429    .text               mc_w.l(llushr.o)
    0x08003634   0x0000005e   Code   RO          439    .text               mc_w.l(__dclz77c.o)
    0x08003692   0x0000000e   Code   RO          433    i.__scatterload_copy  mc_w.l(handlers.o)
    0x080036a0   0x00000002   Code   RO          434    i.__scatterload_null  mc_w.l(handlers.o)
    0x080036a2   0x0000000e   Code   RO          435    i.__scatterload_zeroinit  mc_w.l(handlers.o)
    0x080036b0   0x00000020   Data   RO          431    Region$$Table       anon$$obj.o


    Execution Region RW_IRAM1 (Base: 0x20000000, Size: 0x00000810, Max: 0x00010000, ABSOLUTE, COMPRESSED[0x00000184])

    Base Addr    Size         Type   Attr      Idx    E Section Name        Object

    0x20000000   0x000003b8   Data   RW           12    .data               main.o
    0x200003b8   0x00000004   Data   RW          170    .data               timer.o
    0x200003bc   0x00000014   Data   RW          306    .data               stm32f10x_rcc.o
    0x200003d0   0x00000014   Data   RW          366    .data               system_stm32f10x.o
    0x200003e4   0x00000028   Zero   RW           11    .bss                main.o
    0x2000040c   0x00000004   PAD
    0x20000410   0x00000400   Zero   RW            1    STACK               startup_stm32f10x_hd.o


==============================================================================

Image component sizes


      Code (inc. data)   RO Data    RW Data    ZI Data      Debug   Object Name

       340         14          0          0          0       1296   can.o
       628         20          0          0          0       1575   encode.o
      1648        132          0        952         40     259011   main.o
       220         22          0          0          0       1749   misc.o
       484         18          0          0          0       1619   motor.o
        36          8        304          0       1024        840   startup_stm32f10x_hd.o
      2544         38          0          0          0       7984   stm32f10x_can.o
       860         38          0          0          0       5685   stm32f10x_gpio.o
       256         32          0          0          0       1958   stm32f10x_it.o
       932         36          0         20          0       8856   stm32f10x_rcc.o
      3610         88          0          0          0      22796   stm32f10x_tim.o
       480         38          0         20          0       1791   system_stm32f10x.o
       164         22          0          4          0      16373   timer.o

    ----------------------------------------------------------------------
     12204        506        336        996       1068     331533   Object Totals
         0          0         32          0          0          0   (incl. Generated)
         2          0          0          0          4          0   (incl. Padding)

    ----------------------------------------------------------------------

      Code (inc. data)   RO Data    RW Data    ZI Data      Debug   Library Member Name

        94          0          0          0          0          0   __dclz77c.o
         0          0          0          0          0          0   entry.o
         0          0          0          0          0          0   entry10a.o
         0          0          0          0          0          0   entry11a.o
         8          4          0          0          0          0   entry2.o
         4          0          0          0          0          0   entry5.o
         0          0          0          0          0          0   entry7b.o
         0          0          0          0          0          0   entry8b.o
         8          4          0          0          0          0   entry9a.o
        30          0          0          0          0          0   handlers.o
        36          8          0          0          0         68   init.o
         0          0          0          0          0          0   iusefp.o
        30          0          0          0          0         68   llshl.o
        36          0          0          0          0         68   llsshr.o
        32          0          0          0          0         68   llushr.o
        20          0          0          0          0         68   cfcmple.o
        20          0          0          0          0         68   cfrcmple.o
        56          0          0          0          0         88   d2f.o
       334          0          0          0          0        148   dadd.o
       186          0          0          0          0        176   depilogue.o
        34          0          0          0          0         76   dflti.o
       228          0          0          0          0         96   dmul.o
        38          0          0          0          0         68   f2d.o
       176          0          0          0          0        140   fadd.o
       110          0          0          0          0        168   fepilogue.o
        10          0          0          0          0         68   ffltui.o

    ----------------------------------------------------------------------
      1492         16          0          0          0       1436   Library Totals
         2          0          0          0          0          0   (incl. Padding)

    ----------------------------------------------------------------------

      Code (inc. data)   RO Data    RW Data    ZI Data      Debug   Library Name

       278         16          0          0          0        272   mc_w.l
      1212          0          0          0          0       1164   mf_w.l

    ----------------------------------------------------------------------
      1492         16          0          0          0       1436   Library Totals

    ----------------------------------------------------------------------

==============================================================================


      Code (inc. data)   RO Data    RW Data    ZI Data      Debug   

     13696        522        336        996       1068     331485   Grand Totals
     13696        522        336        388       1068     331485   ELF Image Totals (compressed)
     13696        522        336        388          0          0   ROM Totals

==============================================================================

    Total RO  Size (Code + RO Data)                14032 (  13.70kB)
    Total RW  Size (RW Data + ZI Data)              2064 (   2.02kB)
    Total ROM Size (Code + RO Data + RW Data)      14420 (  14.08kB)

==============================================================================

